Component: ARM Compiler 5.06 update 7 (build 960) Tool: armlink [4d3601]

==============================================================================

Section Cross References

    startup_stm32f407xx.o(RESET) refers to startup_stm32f407xx.o(STACK) for __initial_sp
    startup_stm32f407xx.o(RESET) refers to startup_stm32f407xx.o(.text) for Reset_Handler
    startup_stm32f407xx.o(RESET) refers to stm32f4xx_it.o(i.NMI_Handler) for NMI_Handler
    startup_stm32f407xx.o(RESET) refers to stm32f4xx_it.o(i.HardFault_Handler) for HardFault_Handler
    startup_stm32f407xx.o(RESET) refers to stm32f4xx_it.o(i.MemManage_Handler) for MemManage_Handler
    startup_stm32f407xx.o(RESET) refers to stm32f4xx_it.o(i.BusFault_Handler) for BusFault_Handler
    startup_stm32f407xx.o(RESET) refers to stm32f4xx_it.o(i.UsageFault_Handler) for UsageFault_Handler
    startup_stm32f407xx.o(RESET) refers to stm32f4xx_it.o(i.SVC_Handler) for SVC_Handler
    startup_stm32f407xx.o(RESET) refers to stm32f4xx_it.o(i.DebugMon_Handler) for DebugMon_Handler
    startup_stm32f407xx.o(RESET) refers to stm32f4xx_it.o(i.PendSV_Handler) for PendSV_Handler
    startup_stm32f407xx.o(RESET) refers to stm32f4xx_it.o(i.SysTick_Handler) for SysTick_Handler
    startup_stm32f407xx.o(RESET) refers to epd_dma.o(i.DMA1_Stream4_IRQHandler) for DMA1_Stream4_IRQHandler
    startup_stm32f407xx.o(RESET) refers to spi_w25q128_flash.o(i.DMA2_Stream3_IRQHandler) for DMA2_Stream3_IRQHandler
    startup_stm32f407xx.o(.text) refers to system_stm32f4xx.o(i.SystemInit) for SystemInit
    startup_stm32f407xx.o(.text) refers to entry.o(.ARM.Collect$$$$00000000) for __main
    system_stm32f4xx.o(i.SystemCoreClockUpdate) refers to system_stm32f4xx.o(.data) for SystemCoreClock
    system_stm32f4xx.o(i.SystemInit) refers to system_stm32f4xx.o(i.SetSysClock) for SetSysClock
    stm32f4xx_adc.o(i.ADC_DeInit) refers to stm32f4xx_rcc.o(i.RCC_APB2PeriphResetCmd) for RCC_APB2PeriphResetCmd
    stm32f4xx_can.o(i.CAN_DeInit) refers to stm32f4xx_rcc.o(i.RCC_APB1PeriphResetCmd) for RCC_APB1PeriphResetCmd
    stm32f4xx_can.o(i.CAN_GetITStatus) refers to stm32f4xx_can.o(i.CheckITStatus) for CheckITStatus
    stm32f4xx_cryp.o(i.CRYP_DeInit) refers to stm32f4xx_rcc.o(i.RCC_AHB2PeriphResetCmd) for RCC_AHB2PeriphResetCmd
    stm32f4xx_cryp_aes.o(i.CRYP_AES_CBC) refers to stm32f4xx_cryp.o(i.CRYP_KeyStructInit) for CRYP_KeyStructInit
    stm32f4xx_cryp_aes.o(i.CRYP_AES_CBC) refers to stm32f4xx_cryp.o(i.CRYP_FIFOFlush) for CRYP_FIFOFlush
    stm32f4xx_cryp_aes.o(i.CRYP_AES_CBC) refers to stm32f4xx_cryp.o(i.CRYP_Init) for CRYP_Init
    stm32f4xx_cryp_aes.o(i.CRYP_AES_CBC) refers to stm32f4xx_cryp.o(i.CRYP_KeyInit) for CRYP_KeyInit
    stm32f4xx_cryp_aes.o(i.CRYP_AES_CBC) refers to stm32f4xx_cryp.o(i.CRYP_Cmd) for CRYP_Cmd
    stm32f4xx_cryp_aes.o(i.CRYP_AES_CBC) refers to stm32f4xx_cryp.o(i.CRYP_GetFlagStatus) for CRYP_GetFlagStatus
    stm32f4xx_cryp_aes.o(i.CRYP_AES_CBC) refers to stm32f4xx_cryp.o(i.CRYP_IVInit) for CRYP_IVInit
    stm32f4xx_cryp_aes.o(i.CRYP_AES_CBC) refers to stm32f4xx_cryp.o(i.CRYP_GetCmdStatus) for CRYP_GetCmdStatus
    stm32f4xx_cryp_aes.o(i.CRYP_AES_CBC) refers to stm32f4xx_cryp.o(i.CRYP_DataIn) for CRYP_DataIn
    stm32f4xx_cryp_aes.o(i.CRYP_AES_CBC) refers to stm32f4xx_cryp.o(i.CRYP_DataOut) for CRYP_DataOut
    stm32f4xx_cryp_aes.o(i.CRYP_AES_CCM) refers to stm32f4xx_cryp.o(i.CRYP_KeyStructInit) for CRYP_KeyStructInit
    stm32f4xx_cryp_aes.o(i.CRYP_AES_CCM) refers to stm32f4xx_cryp.o(i.CRYP_FIFOFlush) for CRYP_FIFOFlush
    stm32f4xx_cryp_aes.o(i.CRYP_AES_CCM) refers to stm32f4xx_cryp.o(i.CRYP_KeyInit) for CRYP_KeyInit
    stm32f4xx_cryp_aes.o(i.CRYP_AES_CCM) refers to stm32f4xx_cryp.o(i.CRYP_IVInit) for CRYP_IVInit
    stm32f4xx_cryp_aes.o(i.CRYP_AES_CCM) refers to stm32f4xx_cryp.o(i.CRYP_Init) for CRYP_Init
    stm32f4xx_cryp_aes.o(i.CRYP_AES_CCM) refers to stm32f4xx_cryp.o(i.CRYP_PhaseConfig) for CRYP_PhaseConfig
    stm32f4xx_cryp_aes.o(i.CRYP_AES_CCM) refers to stm32f4xx_cryp.o(i.CRYP_DataIn) for CRYP_DataIn
    stm32f4xx_cryp_aes.o(i.CRYP_AES_CCM) refers to stm32f4xx_cryp.o(i.CRYP_Cmd) for CRYP_Cmd
    stm32f4xx_cryp_aes.o(i.CRYP_AES_CCM) refers to stm32f4xx_cryp.o(i.CRYP_GetCmdStatus) for CRYP_GetCmdStatus
    stm32f4xx_cryp_aes.o(i.CRYP_AES_CCM) refers to stm32f4xx_cryp.o(i.CRYP_GetFlagStatus) for CRYP_GetFlagStatus
    stm32f4xx_cryp_aes.o(i.CRYP_AES_CCM) refers to stm32f4xx_cryp.o(i.CRYP_DataOut) for CRYP_DataOut
    stm32f4xx_cryp_aes.o(i.CRYP_AES_CTR) refers to stm32f4xx_cryp.o(i.CRYP_KeyStructInit) for CRYP_KeyStructInit
    stm32f4xx_cryp_aes.o(i.CRYP_AES_CTR) refers to stm32f4xx_cryp.o(i.CRYP_KeyInit) for CRYP_KeyInit
    stm32f4xx_cryp_aes.o(i.CRYP_AES_CTR) refers to stm32f4xx_cryp.o(i.CRYP_Init) for CRYP_Init
    stm32f4xx_cryp_aes.o(i.CRYP_AES_CTR) refers to stm32f4xx_cryp.o(i.CRYP_IVInit) for CRYP_IVInit
    stm32f4xx_cryp_aes.o(i.CRYP_AES_CTR) refers to stm32f4xx_cryp.o(i.CRYP_FIFOFlush) for CRYP_FIFOFlush
[...]
    Removing stm32f4xx_sdio.o(i.SDIO_DataConfig), (52 bytes).
    Removing stm32f4xx_sdio.o(i.SDIO_DataStructInit), (20 bytes).
    Removing stm32f4xx_sdio.o(i.SDIO_DeInit), (22 bytes).
    Removing stm32f4xx_sdio.o(i.SDIO_GetCommandResponse), (12 bytes).
    Removing stm32f4xx_sdio.o(i.SDIO_GetDataCounter), (12 bytes).
    Removing stm32f4xx_sdio.o(i.SDIO_GetFIFOCount), (12 bytes).
    Removing stm32f4xx_sdio.o(i.SDIO_GetFlagStatus), (24 bytes).
    Removing stm32f4xx_sdio.o(i.SDIO_GetITStatus), (24 bytes).
    Removing stm32f4xx_sdio.o(i.SDIO_GetPowerState), (16 bytes).
    Removing stm32f4xx_sdio.o(i.SDIO_GetResponse), (24 bytes).
    Removing stm32f4xx_sdio.o(i.SDIO_ITConfig), (32 bytes).
    Removing stm32f4xx_sdio.o(i.SDIO_Init), (48 bytes).
    Removing stm32f4xx_sdio.o(i.SDIO_ReadData), (12 bytes).
    Removing stm32f4xx_sdio.o(i.SDIO_SendCEATACmd), (12 bytes).
    Removing stm32f4xx_sdio.o(i.SDIO_SendCommand), (44 bytes).
    Removing stm32f4xx_sdio.o(i.SDIO_SendSDIOSuspendCmd), (12 bytes).
    Removing stm32f4xx_sdio.o(i.SDIO_SetPowerState), (12 bytes).
    Removing stm32f4xx_sdio.o(i.SDIO_SetSDIOOperation), (12 bytes).
    Removing stm32f4xx_sdio.o(i.SDIO_SetSDIOReadWaitMode), (12 bytes).
    Removing stm32f4xx_sdio.o(i.SDIO_StartSDIOReadWait), (12 bytes).
    Removing stm32f4xx_sdio.o(i.SDIO_StopSDIOReadWait), (12 bytes).
    Removing stm32f4xx_sdio.o(i.SDIO_StructInit), (16 bytes).
    Removing stm32f4xx_sdio.o(i.SDIO_WriteData), (12 bytes).
    Removing stm32f4xx_spdifrx.o(.rev16_text), (4 bytes).
    Removing stm32f4xx_spdifrx.o(.revsh_text), (4 bytes).
    Removing stm32f4xx_spdifrx.o(.rrx_text), (6 bytes).
    Removing stm32f4xx_spi.o(.rev16_text), (4 bytes).
    Removing stm32f4xx_spi.o(.revsh_text), (4 bytes).
    Removing stm32f4xx_spi.o(.rrx_text), (6 bytes).
    Removing stm32f4xx_spi.o(i.I2S_Cmd), (24 bytes).
    Removing stm32f4xx_spi.o(i.I2S_FullDuplexConfig), (80 bytes).
    Removing stm32f4xx_spi.o(i.I2S_Init), (420 bytes).
    Removing stm32f4xx_spi.o(i.I2S_StructInit), (20 bytes).
    Removing stm32f4xx_spi.o(i.SPI_BiDirectionalLineConfig), (28 bytes).
    Removing stm32f4xx_spi.o(i.SPI_CalculateCRC), (24 bytes).
    Removing stm32f4xx_spi.o(i.SPI_DataSizeConfig), (18 bytes).
    Removing stm32f4xx_spi.o(i.SPI_GetCRC), (16 bytes).
    Removing stm32f4xx_spi.o(i.SPI_GetCRCPolynomial), (6 bytes).
    Removing stm32f4xx_spi.o(i.SPI_I2S_ClearFlag), (6 bytes).
    Removing stm32f4xx_spi.o(i.SPI_I2S_ClearITPendingBit), (20 bytes).
    Removing stm32f4xx_spi.o(i.SPI_I2S_DeInit), (176 bytes).
    Removing stm32f4xx_spi.o(i.SPI_I2S_GetITStatus), (52 bytes).
    Removing stm32f4xx_spi.o(i.SPI_I2S_ITConfig), (32 bytes).
    Removing stm32f4xx_spi.o(i.SPI_NSSInternalSoftwareConfig), (30 bytes).
    Removing stm32f4xx_spi.o(i.SPI_SSOutputCmd), (24 bytes).
    Removing stm32f4xx_spi.o(i.SPI_StructInit), (24 bytes).
    Removing stm32f4xx_spi.o(i.SPI_TIModeCmd), (24 bytes).
    Removing stm32f4xx_spi.o(i.SPI_TransmitCRC), (10 bytes).
    Removing stm32f4xx_syscfg.o(.rev16_text), (4 bytes).
    Removing stm32f4xx_syscfg.o(.revsh_text), (4 bytes).
    Removing stm32f4xx_syscfg.o(.rrx_text), (6 bytes).
    Removing stm32f4xx_syscfg.o(i.SYSCFG_CompensationCellCmd), (12 bytes).
    Removing stm32f4xx_syscfg.o(i.SYSCFG_DeInit), (22 bytes).
    Removing stm32f4xx_syscfg.o(i.SYSCFG_ETH_MediaInterfaceConfig), (12 bytes).
    Removing stm32f4xx_syscfg.o(i.SYSCFG_EXTILineConfig), (64 bytes).
    Removing stm32f4xx_syscfg.o(i.SYSCFG_GetCompensationCellStatus), (24 bytes).
    Removing stm32f4xx_syscfg.o(i.SYSCFG_MemoryRemapConfig), (12 bytes).
    Removing stm32f4xx_syscfg.o(i.SYSCFG_MemorySwappingBank), (12 bytes).
    Removing stm32f4xx_tim.o(.rev16_text), (4 bytes).
    Removing stm32f4xx_tim.o(.revsh_text), (4 bytes).
    Removing stm32f4xx_tim.o(.rrx_text), (6 bytes).
    Removing stm32f4xx_tim.o(i.TI1_Config), (58 bytes).
    Removing stm32f4xx_tim.o(i.TI2_Config), (80 bytes).
    Removing stm32f4xx_tim.o(i.TI3_Config), (72 bytes).
    Removing stm32f4xx_tim.o(i.TI4_Config), (80 bytes).
    Removing stm32f4xx_tim.o(i.TIM_ARRPreloadConfig), (24 bytes).
    Removing stm32f4xx_tim.o(i.TIM_BDTRConfig), (32 bytes).
    Removing stm32f4xx_tim.o(i.TIM_BDTRStructInit), (18 bytes).
    Removing stm32f4xx_tim.o(i.TIM_CCPreloadControl), (24 bytes).
    Removing stm32f4xx_tim.o(i.TIM_CCxCmd), (30 bytes).
    Removing stm32f4xx_tim.o(i.TIM_CCxNCmd), (30 bytes).
    Removing stm32f4xx_tim.o(i.TIM_ClearFlag), (6 bytes).
    Removing stm32f4xx_tim.o(i.TIM_ClearITPendingBit), (6 bytes).
    Removing stm32f4xx_tim.o(i.TIM_ClearOC1Ref), (18 bytes).
    Removing stm32f4xx_tim.o(i.TIM_ClearOC2Ref), (24 bytes).
    Removing stm32f4xx_tim.o(i.TIM_ClearOC3Ref), (18 bytes).
    Removing stm32f4xx_tim.o(i.TIM_ClearOC4Ref), (24 bytes).
    Removing stm32f4xx_tim.o(i.TIM_Cmd), (24 bytes).
    Removing stm32f4xx_tim.o(i.TIM_CounterModeConfig), (18 bytes).
    Removing stm32f4xx_tim.o(i.TIM_CtrlPWMOutputs), (30 bytes).
    Removing stm32f4xx_tim.o(i.TIM_DMACmd), (18 bytes).
    Removing stm32f4xx_tim.o(i.TIM_DMAConfig), (10 bytes).
    Removing stm32f4xx_tim.o(i.TIM_DeInit), (400 bytes).
    Removing stm32f4xx_tim.o(i.TIM_ETRClockMode1Config), (54 bytes).
    Removing stm32f4xx_tim.o(i.TIM_ETRClockMode2Config), (32 bytes).
    Removing stm32f4xx_tim.o(i.TIM_ETRConfig), (28 bytes).
    Removing stm32f4xx_tim.o(i.TIM_EncoderInterfaceConfig), (66 bytes).
    Removing stm32f4xx_tim.o(i.TIM_ForcedOC1Config), (18 bytes).
    Removing stm32f4xx_tim.o(i.TIM_ForcedOC2Config), (26 bytes).
    Removing stm32f4xx_tim.o(i.TIM_ForcedOC3Config), (18 bytes).
    Removing stm32f4xx_tim.o(i.TIM_ForcedOC4Config), (26 bytes).
    Removing stm32f4xx_tim.o(i.TIM_GenerateEvent), (4 bytes).
    Removing stm32f4xx_tim.o(i.TIM_GetCapture1), (6 bytes).
    Removing stm32f4xx_tim.o(i.TIM_GetCapture2), (6 bytes).
    Removing stm32f4xx_tim.o(i.TIM_GetCapture3), (6 bytes).
    Removing stm32f4xx_tim.o(i.TIM_GetCapture4), (6 bytes).
    Removing stm32f4xx_tim.o(i.TIM_GetCounter), (6 bytes).
    Removing stm32f4xx_tim.o(i.TIM_GetFlagStatus), (18 bytes).
    Removing stm32f4xx_tim.o(i.TIM_GetITStatus), (34 bytes).
    Removing stm32f4xx_tim.o(i.TIM_GetPrescaler), (6 bytes).
    Removing stm32f4xx_tim.o(i.TIM_ICInit), (110 bytes).
    Removing stm32f4xx_tim.o(i.TIM_ICStructInit), (18 bytes).
    Removing stm32f4xx_tim.o(i.TIM_ITConfig), (18 bytes).
    Removing stm32f4xx_tim.o(i.TIM_ITRxExternalClockConfig), (24 bytes).
    Removing stm32f4xx_tim.o(i.TIM_InternalClockConfig), (12 bytes).
    Removing stm32f4xx_tim.o(i.TIM_OC1FastConfig), (18 bytes).
    Removing stm32f4xx_tim.o(i.TIM_OC1Init), (124 bytes).
    Removing stm32f4xx_tim.o(i.TIM_OC1NPolarityConfig), (18 bytes).
    Removing stm32f4xx_tim.o(i.TIM_OC1PolarityConfig), (18 bytes).
    Removing stm32f4xx_tim.o(i.TIM_OC1PreloadConfig), (18 bytes).
    Removing stm32f4xx_tim.o(i.TIM_OC2FastConfig), (26 bytes).
    Removing stm32f4xx_tim.o(i.TIM_OC2Init), (164 bytes).
    Removing stm32f4xx_tim.o(i.TIM_OC2NPolarityConfig), (26 bytes).
    Removing stm32f4xx_tim.o(i.TIM_OC2PolarityConfig), (26 bytes).
    Removing stm32f4xx_tim.o(i.TIM_OC2PreloadConfig), (26 bytes).
    Removing stm32f4xx_tim.o(i.TIM_OC3FastConfig), (18 bytes).
    Removing stm32f4xx_tim.o(i.TIM_OC3Init), (160 bytes).
    Removing stm32f4xx_tim.o(i.TIM_OC3NPolarityConfig), (26 bytes).
    Removing stm32f4xx_tim.o(i.TIM_OC3PolarityConfig), (26 bytes).
    Removing stm32f4xx_tim.o(i.TIM_OC3PreloadConfig), (18 bytes).
    Removing stm32f4xx_tim.o(i.TIM_OC4FastConfig), (26 bytes).
    Removing stm32f4xx_tim.o(i.TIM_OC4Init), (120 bytes).
    Removing stm32f4xx_tim.o(i.TIM_OC4PolarityConfig), (26 bytes).
    Removing stm32f4xx_tim.o(i.TIM_OC4PreloadConfig), (26 bytes).
    Removing stm32f4xx_tim.o(i.TIM_OCStructInit), (20 bytes).
    Removing stm32f4xx_tim.o(i.TIM_PWMIConfig), (124 bytes).
    Removing stm32f4xx_tim.o(i.TIM_PrescalerConfig), (6 bytes).
    Removing stm32f4xx_tim.o(i.TIM_RemapConfig), (6 bytes).
    Removing stm32f4xx_tim.o(i.TIM_SelectCCDMA), (24 bytes).
    Removing stm32f4xx_tim.o(i.TIM_SelectCOM), (24 bytes).
    Removing stm32f4xx_tim.o(i.TIM_SelectHallSensor), (24 bytes).
    Removing stm32f4xx_tim.o(i.TIM_SelectInputTrigger), (18 bytes).
    Removing stm32f4xx_tim.o(i.TIM_SelectMasterSlaveMode), (18 bytes).
    Removing stm32f4xx_tim.o(i.TIM_SelectOCxM), (86 bytes).
    Removing stm32f4xx_tim.o(i.TIM_SelectOnePulseMode), (18 bytes).
    Removing stm32f4xx_tim.o(i.TIM_SelectOutputTrigger), (18 bytes).
    Removing stm32f4xx_tim.o(i.TIM_SelectSlaveMode), (18 bytes).
    Removing stm32f4xx_tim.o(i.TIM_SetAutoreload), (4 bytes).
    Removing stm32f4xx_tim.o(i.TIM_SetClockDivision), (18 bytes).
    Removing stm32f4xx_tim.o(i.TIM_SetCompare1), (4 bytes).
    Removing stm32f4xx_tim.o(i.TIM_SetCompare2), (4 bytes).
    Removing stm32f4xx_tim.o(i.TIM_SetCompare3), (4 bytes).
    Removing stm32f4xx_tim.o(i.TIM_SetCompare4), (4 bytes).
    Removing stm32f4xx_tim.o(i.TIM_SetCounter), (4 bytes).
    Removing stm32f4xx_tim.o(i.TIM_SetIC1Prescaler), (18 bytes).
    Removing stm32f4xx_tim.o(i.TIM_SetIC2Prescaler), (26 bytes).
    Removing stm32f4xx_tim.o(i.TIM_SetIC3Prescaler), (18 bytes).
    Removing stm32f4xx_tim.o(i.TIM_SetIC4Prescaler), (26 bytes).
    Removing stm32f4xx_tim.o(i.TIM_TIxExternalClockConfig), (62 bytes).
    Removing stm32f4xx_tim.o(i.TIM_TimeBaseInit), (132 bytes).
    Removing stm32f4xx_tim.o(i.TIM_TimeBaseStructInit), (18 bytes).
    Removing stm32f4xx_tim.o(i.TIM_UpdateDisableConfig), (24 bytes).
    Removing stm32f4xx_tim.o(i.TIM_UpdateRequestConfig), (24 bytes).
    Removing stm32f4xx_usart.o(.rev16_text), (4 bytes).
    Removing stm32f4xx_usart.o(.revsh_text), (4 bytes).
    Removing stm32f4xx_usart.o(.rrx_text), (6 bytes).
    Removing stm32f4xx_usart.o(i.USART_ClearITPendingBit), (30 bytes).
    Removing stm32f4xx_usart.o(i.USART_ClockInit), (32 bytes).
    Removing stm32f4xx_usart.o(i.USART_ClockStructInit), (12 bytes).
    Removing stm32f4xx_usart.o(i.USART_DMACmd), (18 bytes).
    Removing stm32f4xx_usart.o(i.USART_GetITStatus), (84 bytes).
    Removing stm32f4xx_usart.o(i.USART_HalfDuplexCmd), (24 bytes).
    Removing stm32f4xx_usart.o(i.USART_IrDACmd), (24 bytes).
    Removing stm32f4xx_usart.o(i.USART_IrDAConfig), (18 bytes).
    Removing stm32f4xx_usart.o(i.USART_LINBreakDetectLengthConfig), (18 bytes).
    Removing stm32f4xx_usart.o(i.USART_LINCmd), (24 bytes).
    Removing stm32f4xx_usart.o(i.USART_OneBitMethodCmd), (24 bytes).
    Removing stm32f4xx_usart.o(i.USART_OverSampling8Cmd), (22 bytes).
    Removing stm32f4xx_usart.o(i.USART_ReceiveData), (10 bytes).
    Removing stm32f4xx_usart.o(i.USART_ReceiverWakeUpCmd), (24 bytes).
    Removing stm32f4xx_usart.o(i.USART_SendBreak), (10 bytes).
    Removing stm32f4xx_usart.o(i.USART_SetAddress), (18 bytes).
    Removing stm32f4xx_usart.o(i.USART_SetGuardTime), (16 bytes).
    Removing stm32f4xx_usart.o(i.USART_SetPrescaler), (16 bytes).
    Removing stm32f4xx_usart.o(i.USART_SmartCardCmd), (24 bytes).
    Removing stm32f4xx_usart.o(i.USART_SmartCardNACKCmd), (24 bytes).
    Removing stm32f4xx_usart.o(i.USART_WakeUpConfig), (18 bytes).
    Removing stm32f4xx_wwdg.o(.rev16_text), (4 bytes).
    Removing stm32f4xx_wwdg.o(.revsh_text), (4 bytes).
    Removing stm32f4xx_wwdg.o(.rrx_text), (6 bytes).
    Removing stm32f4xx_wwdg.o(i.WWDG_ClearFlag), (12 bytes).
    Removing stm32f4xx_wwdg.o(i.WWDG_DeInit), (22 bytes).
    Removing stm32f4xx_wwdg.o(i.WWDG_Enable), (16 bytes).
    Removing stm32f4xx_wwdg.o(i.WWDG_EnableIT), (12 bytes).
    Removing stm32f4xx_wwdg.o(i.WWDG_GetFlagStatus), (20 bytes).
    Removing stm32f4xx_wwdg.o(i.WWDG_SetCounter), (16 bytes).
    Removing stm32f4xx_wwdg.o(i.WWDG_SetPrescaler), (24 bytes).
    Removing stm32f4xx_wwdg.o(i.WWDG_SetWindowValue), (40 bytes).
    Removing board.o(.rev16_text), (4 bytes).
    Removing board.o(.revsh_text), (4 bytes).
    Removing board.o(.rrx_text), (6 bytes).
    Removing board.o(i.delay_1ms), (18 bytes).
    Removing board.o(i.delay_1us), (12 bytes).
    Removing board.o(.data), (4 bytes).
    Removing bsp_uart.o(.rev16_text), (4 bytes).
    Removing bsp_uart.o(.revsh_text), (4 bytes).
    Removing bsp_uart.o(.rrx_text), (6 bytes).
    Removing bsp_uart.o(i.usart_send_String), (24 bytes).
    Removing bsp_uart.o(i.usart_send_data), (32 bytes).
    Removing epd.o(.rev16_text), (4 bytes).
    Removing epd.o(.revsh_text), (4 bytes).
    Removing epd.o(.rrx_text), (6 bytes).
    Removing epd.o(i.EPD_Clear_R26H), (36 bytes).
    Removing epd.o(i.EPD_FastInit), (86 bytes).
    Removing epd.o(i.EPD_FastUpdate), (26 bytes).
    Removing epd.o(i.EPD_PartUpdate), (26 bytes).
    Removing epd_gui.o(.rev16_text), (4 bytes).
    Removing epd_gui.o(.revsh_text), (4 bytes).
    Removing epd_gui.o(.rrx_text), (6 bytes).
    Removing epd_gui.o(i.EPD_DrawCircle), (358 bytes).
    Removing epd_gui.o(i.EPD_DrawLine), (160 bytes).
    Removing epd_gui.o(i.EPD_DrawRectangle), (110 bytes).
    Removing epd_gui.o(i.EPD_Pow), (22 bytes).
    Removing epd_gui.o(i.EPD_ShowFloatNum1), (166 bytes).
    Removing epd_gui.o(i.EPD_ShowNum), (138 bytes).
    Removing epd_gui.o(i.EPD_ShowPicture), (192 bytes).
    Removing epd_gui.o(i.EPD_ShowWatch), (176 bytes).
    Removing spi_init.o(.rev16_text), (4 bytes).
    Removing spi_init.o(.revsh_text), (4 bytes).
    Removing spi_init.o(.rrx_text), (6 bytes).
    Removing epd_dma.o(.rev16_text), (4 bytes).
    Removing epd_dma.o(.revsh_text), (4 bytes).
    Removing epd_dma.o(.rrx_text), (6 bytes).
    Removing spi_w25q128_flash.o(.rev16_text), (4 bytes).
    Removing spi_w25q128_flash.o(.revsh_text), (4 bytes).
    Removing spi_w25q128_flash.o(.rrx_text), (6 bytes).
    Removing spi_w25q128_flash.o(i.W25Q128_ContinuousWrite), (920 bytes).
    Removing spi_w25q128_flash.o(i.W25Q128_erase_sector), (72 bytes).
    Removing spi_w25q128_flash.o(i.W25Q128_wait_busy), (56 bytes).
    Removing spi_w25q128_flash.o(i.W25Q128_write), (104 bytes).
    Removing spi_w25q128_flash.o(i.W25Q128_write_enable), (36 bytes).
    Removing main.o(.rev16_text), (4 bytes).
    Removing main.o(.revsh_text), (4 bytes).
    Removing main.o(.rrx_text), (6 bytes).
    Removing main.o(i.Verify_GBK_Font), (64 bytes).
    Removing main.o(i.Write_GBK_Font_To_W25Q128), (136 bytes).
    Removing main.o(.constdata), (636192 bytes).
    Removing f2d.o(.text), (38 bytes).

851 unused section(s) (total 674066 bytes) removed from the image.

==============================================================================

Image Symbol Table

    Local Symbols

    Symbol Name                              Value     Ov Type        Size  Object(Section)

    ../clib/microlib/division.c              0x00000000   Number         0  uidiv.o ABSOLUTE
    ../clib/microlib/division.c              0x00000000   Number         0  uldiv.o ABSOLUTE
    ../clib/microlib/init/entry.s            0x00000000   Number         0  entry11a.o ABSOLUTE
    ../clib/microlib/init/entry.s            0x00000000   Number         0  entry8a.o ABSOLUTE
    ../clib/microlib/init/entry.s            0x00000000   Number         0  entry.o ABSOLUTE
    ../clib/microlib/init/entry.s            0x00000000   Number         0  entry12b.o ABSOLUTE
    ../clib/microlib/init/entry.s            0x00000000   Number         0  entry12a.o ABSOLUTE
    ../clib/microlib/init/entry.s            0x00000000   Number         0  entry11b.o ABSOLUTE
    ../clib/microlib/init/entry.s            0x00000000   Number         0  entry8b.o ABSOLUTE
    ../clib/microlib/init/entry.s            0x00000000   Number         0  entry7b.o ABSOLUTE
    ../clib/microlib/init/entry.s            0x00000000   Number         0  entry10b.o ABSOLUTE
    ../clib/microlib/init/entry.s            0x00000000   Number         0  entry2.o ABSOLUTE
    ../clib/microlib/init/entry.s            0x00000000   Number         0  entry10a.o ABSOLUTE
    ../clib/microlib/init/entry.s            0x00000000   Number         0  entry9b.o ABSOLUTE
    ../clib/microlib/init/entry.s            0x00000000   Number         0  entry7a.o ABSOLUTE
    ../clib/microlib/init/entry.s            0x00000000   Number         0  entry9a.o ABSOLUTE
    ../clib/microlib/init/entry.s            0x00000000   Number         0  entry5.o ABSOLUTE
    ../clib/microlib/longlong.c              0x00000000   Number         0  llushr.o ABSOLUTE
    ../clib/microlib/longlong.c              0x00000000   Number         0  llshl.o ABSOLUTE
    ../clib/microlib/longlong.c              0x00000000   Number         0  llsshr.o ABSOLUTE
    ../clib/microlib/printf/printf.c         0x00000000   Number         0  printfb.o ABSOLUTE
    ../clib/microlib/printf/printf.c         0x00000000   Number         0  printf0.o ABSOLUTE
    ../clib/microlib/printf/printf.c         0x00000000   Number         0  printf5.o ABSOLUTE
    ../clib/microlib/printf/printf.c         0x00000000   Number         0  printf2.o ABSOLUTE
    ../clib/microlib/printf/printf.c         0x00000000   Number         0  printf3.o ABSOLUTE
    ../clib/microlib/printf/printf.c         0x00000000   Number         0  printf4.o ABSOLUTE
    ../clib/microlib/printf/printf.c         0x00000000   Number         0  printf8.o ABSOLUTE
    ../clib/microlib/printf/printf.c         0x00000000   Number         0  printf6.o ABSOLUTE
    ../clib/microlib/printf/printf.c         0x00000000   Number         0  printf7.o ABSOLUTE
    ../clib/microlib/printf/printf.c         0x00000000   Number         0  printfa.o ABSOLUTE
    ../clib/microlib/printf/printf.c         0x00000000   Number         0  printf1.o ABSOLUTE
    ../clib/microlib/printf/stubs.s          0x00000000   Number         0  stubs.o ABSOLUTE
    ../clib/microlib/stdio/streams.c         0x00000000   Number         0  stdout.o ABSOLUTE
    ../clib/microlib/string/memset.c         0x00000000   Number         0  memseta.o ABSOLUTE
    ../clib/microlib/stubs.s                 0x00000000   Number         0  iusefp.o ABSOLUTE
    ../fplib/microlib/f2d.c                  0x00000000   Number         0  f2d.o ABSOLUTE
    ../fplib/microlib/fpadd.c                0x00000000   Number         0  dadd.o ABSOLUTE
    ../fplib/microlib/fpdiv.c                0x00000000   Number         0  ddiv.o ABSOLUTE
    ../fplib/microlib/fpepilogue.c           0x00000000   Number         0  depilogue.o ABSOLUTE
    ../fplib/microlib/fpfix.c                0x00000000   Number         0  dfixul.o ABSOLUTE
    ../fplib/microlib/fpmul.c                0x00000000   Number         0  dmul.o ABSOLUTE
    ..\DRIVER\BSP\Board\board.c              0x00000000   Number         0  board.o ABSOLUTE
    ..\DRIVER\BSP\EPD\EPD.c                  0x00000000   Number         0  epd.o ABSOLUTE
    ..\DRIVER\BSP\EPD\EPD_DMA.c              0x00000000   Number         0  epd_dma.o ABSOLUTE
    ..\DRIVER\BSP\EPD\EPD_GUI.c              0x00000000   Number         0  epd_gui.o ABSOLUTE
    ..\DRIVER\BSP\EPD\SPI_Init.c             0x00000000   Number         0  spi_init.o ABSOLUTE
    ..\DRIVER\BSP\Flash\spi_w25Q128_flash.c  0x00000000   Number         0  spi_w25q128_flash.o ABSOLUTE
    ..\DRIVER\BSP\USART\bsp_uart.c           0x00000000   Number         0  bsp_uart.o ABSOLUTE
    ..\DRIVER\CMSIS\startup_stm32f407xx.s    0x00000000   Number         0  startup_stm32f407xx.o ABSOLUTE
    ..\DRIVER\CMSIS\system_stm32f4xx.c       0x00000000   Number         0  system_stm32f4xx.o ABSOLUTE
    ..\DRIVER\FWLib\src\misc.c               0x00000000   Number         0  misc.o ABSOLUTE
    ..\DRIVER\FWLib\src\stm32f4xx_adc.c      0x00000000   Number         0  stm32f4xx_adc.o ABSOLUTE
    ..\DRIVER\FWLib\src\stm32f4xx_can.c      0x00000000   Number         0  stm32f4xx_can.o ABSOLUTE
    ..\DRIVER\FWLib\src\stm32f4xx_cec.c      0x00000000   Number         0  stm32f4xx_cec.o ABSOLUTE
    ..\DRIVER\FWLib\src\stm32f4xx_crc.c      0x00000000   Number         0  stm32f4xx_crc.o ABSOLUTE
    ..\DRIVER\FWLib\src\stm32f4xx_cryp.c     0x00000000   Number         0  stm32f4xx_cryp.o ABSOLUTE
    ..\DRIVER\FWLib\src\stm32f4xx_cryp_aes.c 0x00000000   Number         0  stm32f4xx_cryp_aes.o ABSOLUTE
    ..\DRIVER\FWLib\src\stm32f4xx_cryp_des.c 0x00000000   Number         0  stm32f4xx_cryp_des.o ABSOLUTE
    ..\DRIVER\FWLib\src\stm32f4xx_cryp_tdes.c 0x00000000   Number         0  stm32f4xx_cryp_tdes.o ABSOLUTE
    ..\DRIVER\FWLib\src\stm32f4xx_dac.c      0x00000000   Number         0  stm32f4xx_dac.o ABSOLUTE
    ..\DRIVER\FWLib\src\stm32f4xx_dbgmcu.c   0x00000000   Number         0  stm32f4xx_dbgmcu.o ABSOLUTE
    ..\DRIVER\FWLib\src\stm32f4xx_dcmi.c     0x00000000   Number         0  stm32f4xx_dcmi.o ABSOLUTE
    ..\DRIVER\FWLib\src\stm32f4xx_dfsdm.c    0x00000000   Number         0  stm32f4xx_dfsdm.o ABSOLUTE
    ..\DRIVER\FWLib\src\stm32f4xx_dma.c      0x00000000   Number         0  stm32f4xx_dma.o ABSOLUTE
    ..\DRIVER\FWLib\src\stm32f4xx_dma2d.c    0x00000000   Number         0  stm32f4xx_dma2d.o ABSOLUTE
    ..\DRIVER\FWLib\src\stm32f4xx_dsi.c      0x00000000   Number         0  stm32f4xx_dsi.o ABSOLUTE
    ..\DRIVER\FWLib\src\stm32f4xx_exti.c     0x00000000   Number         0  stm32f4xx_exti.o ABSOLUTE
    ..\DRIVER\FWLib\src\stm32f4xx_flash.c    0x00000000   Number         0  stm32f4xx_flash.o ABSOLUTE
    ..\DRIVER\FWLib\src\stm32f4xx_flash_ramfunc.c 0x00000000   Number         0  stm32f4xx_flash_ramfunc.o ABSOLUTE
    ..\DRIVER\FWLib\src\stm32f4xx_fmpi2c.c   0x00000000   Number         0  stm32f4xx_fmpi2c.o ABSOLUTE
    ..\DRIVER\FWLib\src\stm32f4xx_fsmc.c     0x00000000   Number         0  stm32f4xx_fsmc.o ABSOLUTE
    ..\DRIVER\FWLib\src\stm32f4xx_gpio.c     0x00000000   Number         0  stm32f4xx_gpio.o ABSOLUTE
    ..\DRIVER\FWLib\src\stm32f4xx_hash.c     0x00000000   Number         0  stm32f4xx_hash.o ABSOLUTE
    ..\DRIVER\FWLib\src\stm32f4xx_hash_md5.c 0x00000000   Number         0  stm32f4xx_hash_md5.o ABSOLUTE
    ..\DRIVER\FWLib\src\stm32f4xx_hash_sha1.c 0x00000000   Number         0  stm32f4xx_hash_sha1.o ABSOLUTE
    ..\DRIVER\FWLib\src\stm32f4xx_i2c.c      0x00000000   Number         0  stm32f4xx_i2c.o ABSOLUTE
    ..\DRIVER\FWLib\src\stm32f4xx_iwdg.c     0x00000000   Number         0  stm32f4xx_iwdg.o ABSOLUTE
    ..\DRIVER\FWLib\src\stm32f4xx_lptim.c    0x00000000   Number         0  stm32f4xx_lptim.o ABSOLUTE
    ..\DRIVER\FWLib\src\stm32f4xx_ltdc.c     0x00000000   Number         0  stm32f4xx_ltdc.o ABSOLUTE
    ..\DRIVER\FWLib\src\stm32f4xx_pwr.c      0x00000000   Number         0  stm32f4xx_pwr.o ABSOLUTE
    ..\DRIVER\FWLib\src\stm32f4xx_qspi.c     0x00000000   Number         0  stm32f4xx_qspi.o ABSOLUTE
    ..\DRIVER\FWLib\src\stm32f4xx_rcc.c      0x00000000   Number         0  stm32f4xx_rcc.o ABSOLUTE
    ..\DRIVER\FWLib\src\stm32f4xx_rng.c      0x00000000   Number         0  stm32f4xx_rng.o ABSOLUTE
    ..\DRIVER\FWLib\src\stm32f4xx_rtc.c      0x00000000   Number         0  stm32f4xx_rtc.o ABSOLUTE
    ..\DRIVER\FWLib\src\stm32f4xx_sai.c      0x00000000   Number         0  stm32f4xx_sai.o ABSOLUTE
    ..\DRIVER\FWLib\src\stm32f4xx_sdio.c     0x00000000   Number         0  stm32f4xx_sdio.o ABSOLUTE
    ..\DRIVER\FWLib\src\stm32f4xx_spdifrx.c  0x00000000   Number         0  stm32f4xx_spdifrx.o ABSOLUTE
    ..\DRIVER\FWLib\src\stm32f4xx_spi.c      0x00000000   Number         0  stm32f4xx_spi.o ABSOLUTE
    ..\DRIVER\FWLib\src\stm32f4xx_syscfg.c   0x00000000   Number         0  stm32f4xx_syscfg.o ABSOLUTE
    ..\DRIVER\FWLib\src\stm32f4xx_tim.c      0x00000000   Number         0  stm32f4xx_tim.o ABSOLUTE
    ..\DRIVER\FWLib\src\stm32f4xx_usart.c    0x00000000   Number         0  stm32f4xx_usart.o ABSOLUTE
    ..\DRIVER\FWLib\src\stm32f4xx_wwdg.c     0x00000000   Number         0  stm32f4xx_wwdg.o ABSOLUTE
    ..\DRIVER\FWLib\stm32f4xx_it.c           0x00000000   Number         0  stm32f4xx_it.o ABSOLUTE
    ..\User\main.c                           0x00000000   Number         0  main.o ABSOLUTE
    ..\\DRIVER\\BSP\\Board\\board.c          0x00000000   Number         0  board.o ABSOLUTE
    ..\\DRIVER\\BSP\\EPD\\EPD.c              0x00000000   Number         0  epd.o ABSOLUTE
    ..\\DRIVER\\BSP\\EPD\\EPD_DMA.c          0x00000000   Number         0  epd_dma.o ABSOLUTE
    ..\\DRIVER\\BSP\\EPD\\EPD_GUI.c          0x00000000   Number         0  epd_gui.o ABSOLUTE
    ..\\DRIVER\\BSP\\EPD\\SPI_Init.c         0x00000000   Number         0  spi_init.o ABSOLUTE
    ..\\DRIVER\\BSP\\Flash\\spi_w25Q128_flash.c 0x00000000   Number         0  spi_w25q128_flash.o ABSOLUTE
    ..\\DRIVER\\BSP\\USART\\bsp_uart.c       0x00000000   Number         0  bsp_uart.o ABSOLUTE
    ..\\DRIVER\\CMSIS\\system_stm32f4xx.c    0x00000000   Number         0  system_stm32f4xx.o ABSOLUTE
    ..\\DRIVER\\FWLib\\src\\misc.c           0x00000000   Number         0  misc.o ABSOLUTE
    ..\\DRIVER\\FWLib\\src\\stm32f4xx_adc.c  0x00000000   Number         0  stm32f4xx_adc.o ABSOLUTE
    ..\\DRIVER\\FWLib\\src\\stm32f4xx_can.c  0x00000000   Number         0  stm32f4xx_can.o ABSOLUTE
    ..\\DRIVER\\FWLib\\src\\stm32f4xx_cec.c  0x00000000   Number         0  stm32f4xx_cec.o ABSOLUTE
    ..\\DRIVER\\FWLib\\src\\stm32f4xx_crc.c  0x00000000   Number         0  stm32f4xx_crc.o ABSOLUTE
    ..\\DRIVER\\FWLib\\src\\stm32f4xx_cryp.c 0x00000000   Number         0  stm32f4xx_cryp.o ABSOLUTE
    ..\\DRIVER\\FWLib\\src\\stm32f4xx_cryp_aes.c 0x00000000   Number         0  stm32f4xx_cryp_aes.o ABSOLUTE
    ..\\DRIVER\\FWLib\\src\\stm32f4xx_cryp_des.c 0x00000000   Number         0  stm32f4xx_cryp_des.o ABSOLUTE
    ..\\DRIVER\\FWLib\\src\\stm32f4xx_cryp_tdes.c 0x00000000   Number         0  stm32f4xx_cryp_tdes.o ABSOLUTE
    ..\\DRIVER\\FWLib\\src\\stm32f4xx_dac.c  0x00000000   Number         0  stm32f4xx_dac.o ABSOLUTE
    ..\\DRIVER\\FWLib\\src\\stm32f4xx_dbgmcu.c 0x00000000   Number         0  stm32f4xx_dbgmcu.o ABSOLUTE
    ..\\DRIVER\\FWLib\\src\\stm32f4xx_dcmi.c 0x00000000   Number         0  stm32f4xx_dcmi.o ABSOLUTE
    ..\\DRIVER\\FWLib\\src\\stm32f4xx_dfsdm.c 0x00000000   Number         0  stm32f4xx_dfsdm.o ABSOLUTE
    ..\\DRIVER\\FWLib\\src\\stm32f4xx_dma.c  0x00000000   Number         0  stm32f4xx_dma.o ABSOLUTE
    ..\\DRIVER\\FWLib\\src\\stm32f4xx_dma2d.c 0x00000000   Number         0  stm32f4xx_dma2d.o ABSOLUTE
    ..\\DRIVER\\FWLib\\src\\stm32f4xx_dsi.c  0x00000000   Number         0  stm32f4xx_dsi.o ABSOLUTE
    ..\\DRIVER\\FWLib\\src\\stm32f4xx_exti.c 0x00000000   Number         0  stm32f4xx_exti.o ABSOLUTE
    ..\\DRIVER\\FWLib\\src\\stm32f4xx_flash.c 0x00000000   Number         0  stm32f4xx_flash.o ABSOLUTE
    ..\\DRIVER\\FWLib\\src\\stm32f4xx_flash_ramfunc.c 0x00000000   Number         0  stm32f4xx_flash_ramfunc.o ABSOLUTE
    ..\\DRIVER\\FWLib\\src\\stm32f4xx_fmpi2c.c 0x00000000   Number         0  stm32f4xx_fmpi2c.o ABSOLUTE
    ..\\DRIVER\\FWLib\\src\\stm32f4xx_fsmc.c 0x00000000   Number         0  stm32f4xx_fsmc.o ABSOLUTE
    ..\\DRIVER\\FWLib\\src\\stm32f4xx_gpio.c 0x00000000   Number         0  stm32f4xx_gpio.o ABSOLUTE
    ..\\DRIVER\\FWLib\\src\\stm32f4xx_hash.c 0x00000000   Number         0  stm32f4xx_hash.o ABSOLUTE
    ..\\DRIVER\\FWLib\\src\\stm32f4xx_hash_md5.c 0x00000000   Number         0  stm32f4xx_hash_md5.o ABSOLUTE
    ..\\DRIVER\\FWLib\\src\\stm32f4xx_hash_sha1.c 0x00000000   Number         0  stm32f4xx_hash_sha1.o ABSOLUTE
    ..\\DRIVER\\FWLib\\src\\stm32f4xx_i2c.c  0x00000000   Number         0  stm32f4xx_i2c.o ABSOLUTE
    ..\\DRIVER\\FWLib\\src\\stm32f4xx_iwdg.c 0x00000000   Number         0  stm32f4xx_iwdg.o ABSOLUTE
    ..\\DRIVER\\FWLib\\src\\stm32f4xx_lptim.c 0x00000000   Number         0  stm32f4xx_lptim.o ABSOLUTE
    ..\\DRIVER\\FWLib\\src\\stm32f4xx_ltdc.c 0x00000000   Number         0  stm32f4xx_ltdc.o ABSOLUTE
    ..\\DRIVER\\FWLib\\src\\stm32f4xx_pwr.c  0x00000000   Number         0  stm32f4xx_pwr.o ABSOLUTE
    ..\\DRIVER\\FWLib\\src\\stm32f4xx_qspi.c 0x00000000   Number         0  stm32f4xx_qspi.o ABSOLUTE
    ..\\DRIVER\\FWLib\\src\\stm32f4xx_rcc.c  0x00000000   Number         0  stm32f4xx_rcc.o ABSOLUTE
    ..\\DRIVER\\FWLib\\src\\stm32f4xx_rng.c  0x00000000   Number         0  stm32f4xx_rng.o ABSOLUTE
    ..\\DRIVER\\FWLib\\src\\stm32f4xx_rtc.c  0x00000000   Number         0  stm32f4xx_rtc.o ABSOLUTE
    ..\\DRIVER\\FWLib\\src\\stm32f4xx_sai.c  0x00000000   Number         0  stm32f4xx_sai.o ABSOLUTE
    ..\\DRIVER\\FWLib\\src\\stm32f4xx_sdio.c 0x00000000   Number         0  stm32f4xx_sdio.o ABSOLUTE
    ..\\DRIVER\\FWLib\\src\\stm32f4xx_spdifrx.c 0x00000000   Number         0  stm32f4xx_spdifrx.o ABSOLUTE
    ..\\DRIVER\\FWLib\\src\\stm32f4xx_spi.c  0x00000000   Number         0  stm32f4xx_spi.o ABSOLUTE
    ..\\DRIVER\\FWLib\\src\\stm32f4xx_syscfg.c 0x00000000   Number         0  stm32f4xx_syscfg.o ABSOLUTE
    ..\\DRIVER\\FWLib\\src\\stm32f4xx_tim.c  0x00000000   Number         0  stm32f4xx_tim.o ABSOLUTE
    ..\\DRIVER\\FWLib\\src\\stm32f4xx_usart.c 0x00000000   Number         0  stm32f4xx_usart.o ABSOLUTE
    ..\\DRIVER\\FWLib\\src\\stm32f4xx_wwdg.c 0x00000000   Number         0  stm32f4xx_wwdg.o ABSOLUTE
    ..\\DRIVER\\FWLib\\stm32f4xx_it.c        0x00000000   Number         0  stm32f4xx_it.o ABSOLUTE
    ..\\User\\main.c                         0x00000000   Number         0  main.o ABSOLUTE
    cdrcmple.s                               0x00000000   Number         0  cdrcmple.o ABSOLUTE
    dc.s                                     0x00000000   Number         0  dc.o ABSOLUTE
    handlers.s                               0x00000000   Number         0  handlers.o ABSOLUTE
    init.s                                   0x00000000   Number         0  init.o ABSOLUTE
    RESET                                    0x08000000   Section      392  startup_stm32f407xx.o(RESET)
    .ARM.Collect$$$$00000000                 0x08000188   Section        0  entry.o(.ARM.Collect$$$$00000000)
    .ARM.Collect$$$$00000001                 0x08000188   Section        4  entry2.o(.ARM.Collect$$$$00000001)
    .ARM.Collect$$$$00000004                 0x0800018c   Section        4  entry5.o(.ARM.Collect$$$$00000004)
    .ARM.Collect$$$$00000008                 0x08000190   Section        0  entry7b.o(.ARM.Collect$$$$00000008)
    .ARM.Collect$$$$0000000A                 0x08000190   Section        0  entry8b.o(.ARM.Collect$$$$0000000A)
    .ARM.Collect$$$$0000000B                 0x08000190   Section        8  entry9a.o(.ARM.Collect$$$$0000000B)
    .ARM.Collect$$$$0000000E                 0x08000198   Section        4  entry12b.o(.ARM.Collect$$$$0000000E)
    .ARM.Collect$$$$0000000F                 0x0800019c   Section        0  entry10a.o(.ARM.Collect$$$$0000000F)
    .ARM.Collect$$$$00000011                 0x0800019c   Section        0  entry11a.o(.ARM.Collect$$$$00000011)
    .ARM.Collect$$$$00002712                 0x0800019c   Section        4  entry2.o(.ARM.Collect$$$$00002712)
    __lit__00000000                          0x0800019c   Data           4  entry2.o(.ARM.Collect$$$$00002712)
    .text                                    0x080001a0   Section       36  startup_stm32f407xx.o(.text)
    $v0                                      0x080001a0   Number         0  startup_stm32f407xx.o(.text)
    .text                                    0x080001c4   Section        0  memseta.o(.text)
    .text                                    0x080001e8   Section        0  uidiv.o(.text)
    .text                                    0x08000214   Section        0  uldiv.o(.text)
    .text                                    0x08000276   Section        0  dadd.o(.text)
    .text                                    0x08000276   Section        0  iusefp.o(.text)
    .text                                    0x080003c4   Section        0  dmul.o(.text)
    .text                                    0x080004a8   Section        0  ddiv.o(.text)
    .text                                    0x08000586   Section        0  dfixul.o(.text)
    .text                                    0x080005b8   Section       48  cdrcmple.o(.text)
    .text                                    0x080005e8   Section       36  init.o(.text)
    .text                                    0x0800060c   Section        0  llshl.o(.text)
    .text                                    0x0800062a   Section        0  llushr.o(.text)
    .text                                    0x0800064a   Section        0  llsshr.o(.text)
    .text                                    0x0800066e   Section        0  depilogue.o(.text)
    i.BusFault_Handler                       0x08000728   Section        0  stm32f4xx_it.o(i.BusFault_Handler)
    i.DMA1_Stream4_IRQHandler                0x0800072c   Section        0  epd_dma.o(i.DMA1_Stream4_IRQHandler)
    i.DMA2_Stream3_IRQHandler                0x0800077c   Section        0  spi_w25q128_flash.o(i.DMA2_Stream3_IRQHandler)
    i.DMA_ClearFlag                          0x080007b8   Section        0  stm32f4xx_dma.o(i.DMA_ClearFlag)
    i.DMA_ClearITPendingBit                  0x080007ec   Section        0  stm32f4xx_dma.o(i.DMA_ClearITPendingBit)
    i.DMA_Cmd                                0x08000820   Section        0  stm32f4xx_dma.o(i.DMA_Cmd)
    i.DMA_DeInit                             0x08000838   Section        0  stm32f4xx_dma.o(i.DMA_DeInit)
    i.DMA_GetCmdStatus                       0x08000990   Section        0  stm32f4xx_dma.o(i.DMA_GetCmdStatus)
    i.DMA_GetITStatus                        0x080009a4   Section        0  stm32f4xx_dma.o(i.DMA_GetITStatus)
    i.DMA_ITConfig                           0x08000a08   Section        0  stm32f4xx_dma.o(i.DMA_ITConfig)
    i.DMA_Init                               0x08000a44   Section        0  stm32f4xx_dma.o(i.DMA_Init)
    i.DebugMon_Handler                       0x08000a9c   Section        0  stm32f4xx_it.o(i.DebugMon_Handler)
    i.EPD_DMA_Init                           0x08000aa0   Section        0  epd_dma.o(i.EPD_DMA_Init)
    i.EPD_DeepSleep                          0x08000b44   Section        0  epd.o(i.EPD_DeepSleep)
    i.EPD_Display                            0x08000b5c   Section        0  epd.o(i.EPD_Display)
    i.EPD_Display_Clear                      0x08000b88   Section        0  epd.o(i.EPD_Display_Clear)
    i.EPD_GPIOInit                           0x08000bd0   Section        0  spi_init.o(i.EPD_GPIOInit)
    i.EPD_HW_RESET                           0x08000c54   Section        0  epd.o(i.EPD_HW_RESET)
    i.EPD_Init                               0x08000c84   Section        0  epd.o(i.EPD_Init)
    i.EPD_READBUSY                           0x08000d40   Section        0  epd.o(i.EPD_READBUSY)
    i.EPD_SPI_Configuration                  0x08000d5c   Section        0  spi_init.o(i.EPD_SPI_Configuration)
    i.EPD_SendData_DMA                       0x08000dfc   Section        0  epd_dma.o(i.EPD_SendData_DMA)
    i.EPD_ShowChar                           0x08000e50   Section        0  epd_gui.o(i.EPD_ShowChar)
    i.EPD_ShowChinese                        0x08000fa4   Section        0  epd_gui.o(i.EPD_ShowChinese)
    i.EPD_ShowChinese12x12                   0x08001018   Section        0  epd_gui.o(i.EPD_ShowChinese12x12)
    i.EPD_ShowChinese16x16                   0x080010fc   Section        0  epd_gui.o(i.EPD_ShowChinese16x16)
    i.EPD_ShowChinese24x24                   0x080011d4   Section        0  epd_gui.o(i.EPD_ShowChinese24x24)
    i.EPD_ShowChinese32x32                   0x080012b8   Section        0  epd_gui.o(i.EPD_ShowChinese32x32)
    i.EPD_ShowChineseString_flash            0x08001390   Section        0  epd_gui.o(i.EPD_ShowChineseString_flash)
    i.EPD_ShowString                         0x080013fc   Section        0  epd_gui.o(i.EPD_ShowString)
    i.EPD_Update                             0x08001436   Section        0  epd.o(i.EPD_Update)
    i.EPD_WR_Bus                             0x08001450   Section        0  spi_init.o(i.EPD_WR_Bus)
    i.EPD_WR_DATA8                           0x080014b0   Section        0  spi_init.o(i.EPD_WR_DATA8)
    i.EPD_WR_REG                             0x080014d0   Section        0  spi_init.o(i.EPD_WR_REG)
    i.EPD_show_Chinese_from_flash            0x080014f0   Section        0  epd_gui.o(i.EPD_show_Chinese_from_flash)
    i.GPIO_Init                              0x0800169c   Section        0  stm32f4xx_gpio.o(i.GPIO_Init)
    i.GPIO_PinAFConfig                       0x0800172c   Section        0  stm32f4xx_gpio.o(i.GPIO_PinAFConfig)
    i.GPIO_ReadInputDataBit                  0x08001772   Section        0  stm32f4xx_gpio.o(i.GPIO_ReadInputDataBit)
    i.GPIO_ResetBits                         0x08001784   Section        0  stm32f4xx_gpio.o(i.GPIO_ResetBits)
    i.GPIO_SetBits                           0x0800178a   Section        0  stm32f4xx_gpio.o(i.GPIO_SetBits)
    i.GPIO_StructInit                        0x0800178e   Section        0  stm32f4xx_gpio.o(i.GPIO_StructInit)
    i.GPIO_WriteBit                          0x080017a0   Section        0  stm32f4xx_gpio.o(i.GPIO_WriteBit)
    i.HardFault_Handler                      0x080017ac   Section        0  stm32f4xx_it.o(i.HardFault_Handler)
    i.MemManage_Handler                      0x080017b0   Section        0  stm32f4xx_it.o(i.MemManage_Handler)
    i.NMI_Handler                            0x080017b4   Section        0  stm32f4xx_it.o(i.NMI_Handler)
    i.NVIC_Init                              0x080017b8   Section        0  misc.o(i.NVIC_Init)
    i.Paint_Clear                            0x08001830   Section        0  epd_gui.o(i.Paint_Clear)
    i.Paint_NewImage                         0x08001868   Section        0  epd_gui.o(i.Paint_NewImage)
    i.Paint_SetPixel                         0x080018e4   Section        0  epd_gui.o(i.Paint_SetPixel)
    i.PendSV_Handler                         0x080019c0   Section        0  stm32f4xx_it.o(i.PendSV_Handler)
    i.RCC_AHB1PeriphClockCmd                 0x080019c4   Section        0  stm32f4xx_rcc.o(i.RCC_AHB1PeriphClockCmd)
    i.RCC_APB1PeriphClockCmd                 0x080019e4   Section        0  stm32f4xx_rcc.o(i.RCC_APB1PeriphClockCmd)
    i.RCC_APB1PeriphResetCmd                 0x08001a04   Section        0  stm32f4xx_rcc.o(i.RCC_APB1PeriphResetCmd)
    i.RCC_APB2PeriphClockCmd                 0x08001a24   Section        0  stm32f4xx_rcc.o(i.RCC_APB2PeriphClockCmd)
    i.RCC_APB2PeriphResetCmd                 0x08001a44   Section        0  stm32f4xx_rcc.o(i.RCC_APB2PeriphResetCmd)
    i.RCC_GetClocksFreq                      0x08001a64   Section        0  stm32f4xx_rcc.o(i.RCC_GetClocksFreq)
    i.SPI_Cmd                                0x08001b4c   Section        0  stm32f4xx_spi.o(i.SPI_Cmd)
    i.SPI_I2S_DMACmd                         0x08001b64   Section        0  stm32f4xx_spi.o(i.SPI_I2S_DMACmd)
    i.SPI_I2S_GetFlagStatus                  0x08001b76   Section        0  stm32f4xx_spi.o(i.SPI_I2S_GetFlagStatus)
    i.SPI_I2S_ReceiveData                    0x08001b88   Section        0  stm32f4xx_spi.o(i.SPI_I2S_ReceiveData)
    i.SPI_I2S_SendData                       0x08001b8e   Section        0  stm32f4xx_spi.o(i.SPI_I2S_SendData)
    i.SPI_Init                               0x08001b92   Section        0  stm32f4xx_spi.o(i.SPI_Init)
    i.SVC_Handler                            0x08001bce   Section        0  stm32f4xx_it.o(i.SVC_Handler)
    i.SetSysClock                            0x08001bd0   Section        0  system_stm32f4xx.o(i.SetSysClock)
    SetSysClock                              0x08001bd1   Thumb Code   220  system_stm32f4xx.o(i.SetSysClock)
    i.SysTick_CLKSourceConfig                0x08001cbc   Section        0  misc.o(i.SysTick_CLKSourceConfig)
    i.SysTick_Handler                        0x08001ce4   Section        0  stm32f4xx_it.o(i.SysTick_Handler)
    i.SystemInit                             0x08001ce8   Section        0  system_stm32f4xx.o(i.SystemInit)
    i.USART_ClearFlag                        0x08001d50   Section        0  stm32f4xx_usart.o(i.USART_ClearFlag)
    i.USART_Cmd                              0x08001d62   Section        0  stm32f4xx_usart.o(i.USART_Cmd)
    i.USART_DeInit                           0x08001d7c   Section        0  stm32f4xx_usart.o(i.USART_DeInit)
    i.USART_GetFlagStatus                    0x08001e6c   Section        0  stm32f4xx_usart.o(i.USART_GetFlagStatus)
    i.USART_ITConfig                         0x08001e86   Section        0  stm32f4xx_usart.o(i.USART_ITConfig)
    i.USART_Init                             0x08001ed0   Section        0  stm32f4xx_usart.o(i.USART_Init)
    i.USART_SendData                         0x08001fa4   Section        0  stm32f4xx_usart.o(i.USART_SendData)
    i.USART_StructInit                       0x08001fac   Section        0  stm32f4xx_usart.o(i.USART_StructInit)
    i.UsageFault_Handler                     0x08001fc4   Section        0  stm32f4xx_it.o(i.UsageFault_Handler)
    i.W25Q128_read                           0x08001fc8   Section        0  spi_w25q128_flash.o(i.W25Q128_read)
    i.W25Q128_readID                         0x08002020   Section        0  spi_w25q128_flash.o(i.W25Q128_readID)
    i.__0printf                              0x0800206c   Section        0  printfa.o(i.__0printf)
    i.__scatterload_copy                     0x0800208c   Section       14  handlers.o(i.__scatterload_copy)
    i.__scatterload_null                     0x0800209a   Section        2  handlers.o(i.__scatterload_null)
    i.__scatterload_zeroinit                 0x0800209c   Section       14  handlers.o(i.__scatterload_zeroinit)
    i._fp_digits                             0x080020ac   Section        0  printfa.o(i._fp_digits)
    _fp_digits                               0x080020ad   Thumb Code   366  printfa.o(i._fp_digits)
    i._printf_core                           0x08002230   Section        0  printfa.o(i._printf_core)
    _printf_core                             0x08002231   Thumb Code  1704  printfa.o(i._printf_core)
    i._printf_post_padding                   0x080028e4   Section        0  printfa.o(i._printf_post_padding)
    _printf_post_padding                     0x080028e5   Thumb Code    36  printfa.o(i._printf_post_padding)
    i._printf_pre_padding                    0x08002908   Section        0  printfa.o(i._printf_pre_padding)
    _printf_pre_padding                      0x08002909   Thumb Code    46  printfa.o(i._printf_pre_padding)
    i.board_init                             0x08002938   Section        0  board.o(i.board_init)
    i.bsp_spi_dma_tx_init                    0x08002964   Section        0  spi_w25q128_flash.o(i.bsp_spi_dma_tx_init)
    i.bsp_spi_flash_init                     0x08002a04   Section        0  spi_w25q128_flash.o(i.bsp_spi_flash_init)
    i.delay_ms                               0x08002ae8   Section        0  board.o(i.delay_ms)
    i.delay_us                               0x08002afc   Section        0  board.o(i.delay_us)
    i.fputc                                  0x08002b50   Section        0  bsp_uart.o(i.fputc)
    i.main                                   0x08002b74   Section        0  main.o(i.main)
    i.spi_read_write_byte                    0x08002c64   Section        0  spi_w25q128_flash.o(i.spi_read_write_byte)
    i.uart1_init                             0x08002c9c   Section        0  bsp_uart.o(i.uart1_init)
    .constdata                               0x08002d94   Section    22154  epd_gui.o(.constdata)
    .data                                    0x20000000   Section       20  system_stm32f4xx.o(.data)
    .data                                    0x20000014   Section       16  stm32f4xx_rcc.o(.data)
    APBAHBPrescTable                         0x20000014   Data          16  stm32f4xx_rcc.o(.data)
    .data                                    0x20000024   Section        1  epd_dma.o(.data)
    .data                                    0x20000025   Section        1  spi_w25q128_flash.o(.data)
    dma_tx_complete_flag                     0x20000025   Data           1  spi_w25q128_flash.o(.data)
    .data                                    0x20000028   Section        4  stdout.o(.data)
    .bss                                     0x2000002c   Section       20  epd_gui.o(.bss)
    .bss                                     0x20000040   Section       60  epd_dma.o(.bss)
    .bss                                     0x2000007c   Section       60  spi_w25q128_flash.o(.bss)
    DMA_InitStructure                        0x2000007c   Data          60  spi_w25q128_flash.o(.bss)
    .bss                                     0x200000b8   Section     5624  main.o(.bss)
    STACK                                    0x200016b0   Section     1024  startup_stm32f407xx.o(STACK)

    Global Symbols

    Symbol Name                              Value     Ov Type        Size  Object(Section)

    BuildAttributes$$THM_ISAv4$E$P$D$K$B$S$7EM$VFPi3$EXTD16$VFPS$VFMA$PE$A:L22UL41UL21$X:L11$S22US41US21$IEEE1$IW$USESV6$~STKCKD$USESV7$~SHL$OSPACE$ROPI$EBA8$MICROLIB$REQ8$PRES8$EABIv2 0x00000000   Number         0  anon$$obj.o ABSOLUTE
    __ARM_use_no_argv                        0x00000000   Number         0  main.o ABSOLUTE
    _printf_a                                0x00000000   Number         0  stubs.o ABSOLUTE
    _printf_c                                0x00000000   Number         0  stubs.o ABSOLUTE
    _printf_charcount                        0x00000000   Number         0  stubs.o ABSOLUTE
    _printf_d                                0x00000000   Number         0  stubs.o ABSOLUTE
    _printf_e                                0x00000000   Number         0  stubs.o ABSOLUTE
    _printf_f                                0x00000000   Number         0  stubs.o ABSOLUTE
    _printf_flags                            0x00000000   Number         0  stubs.o ABSOLUTE
    _printf_fp_dec                           0x00000000   Number         0  stubs.o ABSOLUTE
    _printf_fp_hex                           0x00000000   Number         0  stubs.o ABSOLUTE
    _printf_g                                0x00000000   Number         0  stubs.o ABSOLUTE
    _printf_i                                0x00000000   Number         0  stubs.o ABSOLUTE
    _printf_int_dec                          0x00000000   Number         0  stubs.o ABSOLUTE
    _printf_l                                0x00000000   Number         0  stubs.o ABSOLUTE
    _printf_lc                               0x00000000   Number         0  stubs.o ABSOLUTE
    _printf_ll                               0x00000000   Number         0  stubs.o ABSOLUTE
    _printf_lld                              0x00000000   Number         0  stubs.o ABSOLUTE
    _printf_lli                              0x00000000   Number         0  stubs.o ABSOLUTE
    _printf_llo                              0x00000000   Number         0  stubs.o ABSOLUTE
    _printf_llu                              0x00000000   Number         0  stubs.o ABSOLUTE
    _printf_llx                              0x00000000   Number         0  stubs.o ABSOLUTE
    _printf_longlong_dec                     0x00000000   Number         0  stubs.o ABSOLUTE
    _printf_longlong_hex                     0x00000000   Number         0  stubs.o ABSOLUTE
    _printf_longlong_oct                     0x00000000   Number         0  stubs.o ABSOLUTE
    _printf_ls                               0x00000000   Number         0  stubs.o ABSOLUTE
    _printf_mbtowc                           0x00000000   Number         0  stubs.o ABSOLUTE
    _printf_n                                0x00000000   Number         0  stubs.o ABSOLUTE
    _printf_o                                0x00000000   Number         0  stubs.o ABSOLUTE
    _printf_p                                0x00000000   Number         0  stubs.o ABSOLUTE
    _printf_percent                          0x00000000   Number         0  stubs.o ABSOLUTE
    _printf_pre_padding                      0x00000000   Number         0  stubs.o ABSOLUTE
    _printf_return_value                     0x00000000   Number         0  stubs.o ABSOLUTE
    _printf_s                                0x00000000   Number         0  stubs.o ABSOLUTE
    _printf_sizespec                         0x00000000   Number         0  stubs.o ABSOLUTE
    _printf_str                              0x00000000   Number         0  stubs.o ABSOLUTE
    _printf_truncate_signed                  0x00000000   Number         0  stubs.o ABSOLUTE
    _printf_truncate_unsigned                0x00000000   Number         0  stubs.o ABSOLUTE
    _printf_u                                0x00000000   Number         0  stubs.o ABSOLUTE
    _printf_wc                               0x00000000   Number         0  stubs.o ABSOLUTE
    _printf_wctomb                           0x00000000   Number         0  stubs.o ABSOLUTE
    _printf_widthprec                        0x00000000   Number         0  stubs.o ABSOLUTE
    _printf_x                                0x00000000   Number         0  stubs.o ABSOLUTE
    __arm_fini_                               - Undefined Weak Reference
    __cpp_initialize__aeabi_                  - Undefined Weak Reference
    __cxa_finalize                            - Undefined Weak Reference
    __decompress                              - Undefined Weak Reference
    _clock_init                               - Undefined Weak Reference
    _microlib_exit                            - Undefined Weak Reference
    __Vectors_Size                           0x00000188   Number         0  startup_stm32f407xx.o ABSOLUTE
    __Vectors                                0x08000000   Data           4  startup_stm32f407xx.o(RESET)
    __Vectors_End                            0x08000188   Data           0  startup_stm32f407xx.o(RESET)
    __main                                   0x08000189   Thumb Code     0  entry.o(.ARM.Collect$$$$00000000)
    _main_stk                                0x08000189   Thumb Code     0  entry2.o(.ARM.Collect$$$$00000001)
    _main_scatterload                        0x0800018d   Thumb Code     0  entry5.o(.ARM.Collect$$$$00000004)
    __main_after_scatterload                 0x08000191   Thumb Code     0  entry5.o(.ARM.Collect$$$$00000004)
    _main_clock                              0x08000191   Thumb Code     0  entry7b.o(.ARM.Collect$$$$00000008)
    _main_cpp_init                           0x08000191   Thumb Code     0  entry8b.o(.ARM.Collect$$$$0000000A)
    _main_init                               0x08000191   Thumb Code     0  entry9a.o(.ARM.Collect$$$$0000000B)
    __rt_lib_shutdown_fini                   0x08000199   Thumb Code     0  entry12b.o(.ARM.Collect$$$$0000000E)
    __rt_final_cpp                           0x0800019d   Thumb Code     0  entry10a.o(.ARM.Collect$$$$0000000F)
    __rt_final_exit                          0x0800019d   Thumb Code     0  entry11a.o(.ARM.Collect$$$$00000011)
    Reset_Handler                            0x080001a1   Thumb Code     8  startup_stm32f407xx.o(.text)
    ADC_IRQHandler                           0x080001bb   Thumb Code     0  startup_stm32f407xx.o(.text)
    CAN1_RX0_IRQHandler                      0x080001bb   Thumb Code     0  startup_stm32f407xx.o(.text)
    CAN1_RX1_IRQHandler                      0x080001bb   Thumb Code     0  startup_stm32f407xx.o(.text)
    CAN1_SCE_IRQHandler                      0x080001bb   Thumb Code     0  startup_stm32f407xx.o(.text)
    CAN1_TX_IRQHandler                       0x080001bb   Thumb Code     0  startup_stm32f407xx.o(.text)
    CAN2_RX0_IRQHandler                      0x080001bb   Thumb Code     0  startup_stm32f407xx.o(.text)
    CAN2_RX1_IRQHandler                      0x080001bb   Thumb Code     0  startup_stm32f407xx.o(.text)
    CAN2_SCE_IRQHandler                      0x080001bb   Thumb Code     0  startup_stm32f407xx.o(.text)
    CAN2_TX_IRQHandler                       0x080001bb   Thumb Code     0  startup_stm32f407xx.o(.text)
    DCMI_IRQHandler                          0x080001bb   Thumb Code     0  startup_stm32f407xx.o(.text)
    DMA1_Stream0_IRQHandler                  0x080001bb   Thumb Code     0  startup_stm32f407xx.o(.text)
    DMA1_Stream1_IRQHandler                  0x080001bb   Thumb Code     0  startup_stm32f407xx.o(.text)
    DMA1_Stream2_IRQHandler                  0x080001bb   Thumb Code     0  startup_stm32f407xx.o(.text)
    DMA1_Stream3_IRQHandler                  0x080001bb   Thumb Code     0  startup_stm32f407xx.o(.text)
    DMA1_Stream5_IRQHandler                  0x080001bb   Thumb Code     0  startup_stm32f407xx.o(.text)
    DMA1_Stream6_IRQHandler                  0x080001bb   Thumb Code     0  startup_stm32f407xx.o(.text)
    DMA1_Stream7_IRQHandler                  0x080001bb   Thumb Code     0  startup_stm32f407xx.o(.text)
    DMA2_Stream0_IRQHandler                  0x080001bb   Thumb Code     0  startup_stm32f407xx.o(.text)
    DMA2_Stream1_IRQHandler                  0x080001bb   Thumb Code     0  startup_stm32f407xx.o(.text)
    DMA2_Stream2_IRQHandler                  0x080001bb   Thumb Code     0  startup_stm32f407xx.o(.text)
    DMA2_Stream4_IRQHandler                  0x080001bb   Thumb Code     0  startup_stm32f407xx.o(.text)
    DMA2_Stream5_IRQHandler                  0x080001bb   Thumb Code     0  startup_stm32f407xx.o(.text)
    DMA2_Stream6_IRQHandler                  0x080001bb   Thumb Code     0  startup_stm32f407xx.o(.text)
    DMA2_Stream7_IRQHandler                  0x080001bb   Thumb Code     0  startup_stm32f407xx.o(.text)
    ETH_IRQHandler                           0x080001bb   Thumb Code     0  startup_stm32f407xx.o(.text)
    ETH_WKUP_IRQHandler                      0x080001bb   Thumb Code     0  startup_stm32f407xx.o(.text)
    EXTI0_IRQHandler                         0x080001bb   Thumb Code     0  startup_stm32f407xx.o(.text)
    EXTI15_10_IRQHandler                     0x080001bb   Thumb Code     0  startup_stm32f407xx.o(.text)
    EXTI1_IRQHandler                         0x080001bb   Thumb Code     0  startup_stm32f407xx.o(.text)
    EXTI2_IRQHandler                         0x080001bb   Thumb Code     0  startup_stm32f407xx.o(.text)
    EXTI3_IRQHandler                         0x080001bb   Thumb Code     0  startup_stm32f407xx.o(.text)
    EXTI4_IRQHandler                         0x080001bb   Thumb Code     0  startup_stm32f407xx.o(.text)
    EXTI9_5_IRQHandler                       0x080001bb   Thumb Code     0  startup_stm32f407xx.o(.text)
    FLASH_IRQHandler                         0x080001bb   Thumb Code     0  startup_stm32f407xx.o(.text)
    FMC_IRQHandler                           0x080001bb   Thumb Code     0  startup_stm32f407xx.o(.text)
    FPU_IRQHandler                           0x080001bb   Thumb Code     0  startup_stm32f407xx.o(.text)
    HASH_RNG_IRQHandler                      0x080001bb   Thumb Code     0  startup_stm32f407xx.o(.text)
    I2C1_ER_IRQHandler                       0x080001bb   Thumb Code     0  startup_stm32f407xx.o(.text)
    I2C1_EV_IRQHandler                       0x080001bb   Thumb Code     0  startup_stm32f407xx.o(.text)
    I2C2_ER_IRQHandler                       0x080001bb   Thumb Code     0  startup_stm32f407xx.o(.text)
    I2C2_EV_IRQHandler                       0x080001bb   Thumb Code     0  startup_stm32f407xx.o(.text)
    I2C3_ER_IRQHandler                       0x080001bb   Thumb Code     0  startup_stm32f407xx.o(.text)
    I2C3_EV_IRQHandler                       0x080001bb   Thumb Code     0  startup_stm32f407xx.o(.text)
    OTG_FS_IRQHandler                        0x080001bb   Thumb Code     0  startup_stm32f407xx.o(.text)
    OTG_FS_WKUP_IRQHandler                   0x080001bb   Thumb Code     0  startup_stm32f407xx.o(.text)
    OTG_HS_EP1_IN_IRQHandler                 0x080001bb   Thumb Code     0  startup_stm32f407xx.o(.text)
    OTG_HS_EP1_OUT_IRQHandler                0x080001bb   Thumb Code     0  startup_stm32f407xx.o(.text)
    OTG_HS_IRQHandler                        0x080001bb   Thumb Code     0  startup_stm32f407xx.o(.text)
    OTG_HS_WKUP_IRQHandler                   0x080001bb   Thumb Code     0  startup_stm32f407xx.o(.text)
    PVD_IRQHandler                           0x080001bb   Thumb Code     0  startup_stm32f407xx.o(.text)
    RCC_IRQHandler                           0x080001bb   Thumb Code     0  startup_stm32f407xx.o(.text)
    RTC_Alarm_IRQHandler                     0x080001bb   Thumb Code     0  startup_stm32f407xx.o(.text)
    RTC_WKUP_IRQHandler                      0x080001bb   Thumb Code     0  startup_stm32f407xx.o(.text)
    SDIO_IRQHandler                          0x080001bb   Thumb Code     0  startup_stm32f407xx.o(.text)
    SPI1_IRQHandler                          0x080001bb   Thumb Code     0  startup_stm32f407xx.o(.text)
    SPI2_IRQHandler                          0x080001bb   Thumb Code     0  startup_stm32f407xx.o(.text)
    SPI3_IRQHandler                          0x080001bb   Thumb Code     0  startup_stm32f407xx.o(.text)
    TAMP_STAMP_IRQHandler                    0x080001bb   Thumb Code     0  startup_stm32f407xx.o(.text)
    TIM1_BRK_TIM9_IRQHandler                 0x080001bb   Thumb Code     0  startup_stm32f407xx.o(.text)
    TIM1_CC_IRQHandler                       0x080001bb   Thumb Code     0  startup_stm32f407xx.o(.text)
    TIM1_TRG_COM_TIM11_IRQHandler            0x080001bb   Thumb Code     0  startup_stm32f407xx.o(.text)
    TIM1_UP_TIM10_IRQHandler                 0x080001bb   Thumb Code     0  startup_stm32f407xx.o(.text)
    TIM2_IRQHandler                          0x080001bb   Thumb Code     0  startup_stm32f407xx.o(.text)
    TIM3_IRQHandler                          0x080001bb   Thumb Code     0  startup_stm32f407xx.o(.text)
    TIM4_IRQHandler                          0x080001bb   Thumb Code     0  startup_stm32f407xx.o(.text)
    TIM5_IRQHandler                          0x080001bb   Thumb Code     0  startup_stm32f407xx.o(.text)
    TIM6_DAC_IRQHandler                      0x080001bb   Thumb Code     0  startup_stm32f407xx.o(.text)
    TIM7_IRQHandler                          0x080001bb   Thumb Code     0  startup_stm32f407xx.o(.text)
    TIM8_BRK_TIM12_IRQHandler                0x080001bb   Thumb Code     0  startup_stm32f407xx.o(.text)
    TIM8_CC_IRQHandler                       0x080001bb   Thumb Code     0  startup_stm32f407xx.o(.text)
    TIM8_TRG_COM_TIM14_IRQHandler            0x080001bb   Thumb Code     0  startup_stm32f407xx.o(.text)
    TIM8_UP_TIM13_IRQHandler                 0x080001bb   Thumb Code     0  startup_stm32f407xx.o(.text)
    UART4_IRQHandler                         0x080001bb   Thumb Code     0  startup_stm32f407xx.o(.text)
    UART5_IRQHandler                         0x080001bb   Thumb Code     0  startup_stm32f407xx.o(.text)
    USART1_IRQHandler                        0x080001bb   Thumb Code     0  startup_stm32f407xx.o(.text)
    USART2_IRQHandler                        0x080001bb   Thumb Code     0  startup_stm32f407xx.o(.text)
    USART3_IRQHandler                        0x080001bb   Thumb Code     0  startup_stm32f407xx.o(.text)
    USART6_IRQHandler                        0x080001bb   Thumb Code     0  startup_stm32f407xx.o(.text)
    WWDG_IRQHandler                          0x080001bb   Thumb Code     0  startup_stm32f407xx.o(.text)
    __aeabi_memset                           0x080001c5   Thumb Code    14  memseta.o(.text)
    __aeabi_memset4                          0x080001c5   Thumb Code     0  memseta.o(.text)
    __aeabi_memset8                          0x080001c5   Thumb Code     0  memseta.o(.text)
    __aeabi_memclr                           0x080001d3   Thumb Code     4  memseta.o(.text)
    __aeabi_memclr4                          0x080001d3   Thumb Code     0  memseta.o(.text)
    __aeabi_memclr8                          0x080001d3   Thumb Code     0  memseta.o(.text)
    _memset$wrapper                          0x080001d7   Thumb Code    18  memseta.o(.text)
    __aeabi_uidiv                            0x080001e9   Thumb Code     0  uidiv.o(.text)
    __aeabi_uidivmod                         0x080001e9   Thumb Code    44  uidiv.o(.text)
    __aeabi_uldivmod                         0x08000215   Thumb Code    98  uldiv.o(.text)
    __I$use$fp                               0x08000277   Thumb Code     0  iusefp.o(.text)
    __aeabi_dadd                             0x08000277   Thumb Code   322  dadd.o(.text)
    __aeabi_dsub                             0x080003b9   Thumb Code     6  dadd.o(.text)
    __aeabi_drsub                            0x080003bf   Thumb Code     6  dadd.o(.text)
    __aeabi_dmul                             0x080003c5   Thumb Code   228  dmul.o(.text)
    __aeabi_ddiv                             0x080004a9   Thumb Code   222  ddiv.o(.text)
    __aeabi_d2ulz                            0x08000587   Thumb Code    48  dfixul.o(.text)
    __aeabi_cdrcmple                         0x080005b9   Thumb Code    48  cdrcmple.o(.text)
    __scatterload                            0x080005e9   Thumb Code    28  init.o(.text)
    __scatterload_rt2                        0x080005e9   Thumb Code     0  init.o(.text)
    __aeabi_llsl                             0x0800060d   Thumb Code    30  llshl.o(.text)
    _ll_shift_l                              0x0800060d   Thumb Code     0  llshl.o(.text)
    __aeabi_llsr                             0x0800062b   Thumb Code    32  llushr.o(.text)
    _ll_ushift_r                             0x0800062b   Thumb Code     0  llushr.o(.text)
    __aeabi_lasr                             0x0800064b   Thumb Code    36  llsshr.o(.text)
    _ll_sshift_r                             0x0800064b   Thumb Code     0  llsshr.o(.text)
    _double_round                            0x0800066f   Thumb Code    30  depilogue.o(.text)
    _double_epilogue                         0x0800068d   Thumb Code   156  depilogue.o(.text)
    BusFault_Handler                         0x08000729   Thumb Code     4  stm32f4xx_it.o(i.BusFault_Handler)
    DMA1_Stream4_IRQHandler                  0x0800072d   Thumb Code    60  epd_dma.o(i.DMA1_Stream4_IRQHandler)
    DMA2_Stream3_IRQHandler                  0x0800077d   Thumb Code    48  spi_w25q128_flash.o(i.DMA2_Stream3_IRQHandler)
    DMA_ClearFlag                            0x080007b9   Thumb Code    38  stm32f4xx_dma.o(i.DMA_ClearFlag)
    DMA_ClearITPendingBit                    0x080007ed   Thumb Code    38  stm32f4xx_dma.o(i.DMA_ClearITPendingBit)
    DMA_Cmd                                  0x08000821   Thumb Code    22  stm32f4xx_dma.o(i.DMA_Cmd)
    DMA_DeInit                               0x08000839   Thumb Code   324  stm32f4xx_dma.o(i.DMA_DeInit)
    DMA_GetCmdStatus                         0x08000991   Thumb Code    20  stm32f4xx_dma.o(i.DMA_GetCmdStatus)
    DMA_GetITStatus                          0x080009a5   Thumb Code    82  stm32f4xx_dma.o(i.DMA_GetITStatus)
    DMA_ITConfig                             0x08000a09   Thumb Code    58  stm32f4xx_dma.o(i.DMA_ITConfig)
    DMA_Init                                 0x08000a45   Thumb Code    82  stm32f4xx_dma.o(i.DMA_Init)
    DebugMon_Handler                         0x08000a9d   Thumb Code     2  stm32f4xx_it.o(i.DebugMon_Handler)
    EPD_DMA_Init                             0x08000aa1   Thumb Code   152  epd_dma.o(i.EPD_DMA_Init)
    EPD_DeepSleep                            0x08000b45   Thumb Code    22  epd.o(i.EPD_DeepSleep)
    EPD_Display                              0x08000b5d   Thumb Code    40  epd.o(i.EPD_Display)
    EPD_Display_Clear                        0x08000b89   Thumb Code    72  epd.o(i.EPD_Display_Clear)
    EPD_GPIOInit                             0x08000bd1   Thumb Code   122  spi_init.o(i.EPD_GPIOInit)
    EPD_HW_RESET                             0x08000c55   Thumb Code    42  epd.o(i.EPD_HW_RESET)
    EPD_Init                                 0x08000c85   Thumb Code   186  epd.o(i.EPD_Init)
    EPD_READBUSY                             0x08000d41   Thumb Code    22  epd.o(i.EPD_READBUSY)
    EPD_SPI_Configuration                    0x08000d5d   Thumb Code   152  spi_init.o(i.EPD_SPI_Configuration)
    EPD_SendData_DMA                         0x08000dfd   Thumb Code    64  epd_dma.o(i.EPD_SendData_DMA)
    EPD_ShowChar                             0x08000e51   Thumb Code   320  epd_gui.o(i.EPD_ShowChar)
    EPD_ShowChinese                          0x08000fa5   Thumb Code   116  epd_gui.o(i.EPD_ShowChinese)
    EPD_ShowChinese12x12                     0x08001019   Thumb Code   224  epd_gui.o(i.EPD_ShowChinese12x12)
    EPD_ShowChinese16x16                     0x080010fd   Thumb Code   212  epd_gui.o(i.EPD_ShowChinese16x16)
    EPD_ShowChinese24x24                     0x080011d5   Thumb Code   224  epd_gui.o(i.EPD_ShowChinese24x24)
    EPD_ShowChinese32x32                     0x080012b9   Thumb Code   212  epd_gui.o(i.EPD_ShowChinese32x32)
    EPD_ShowChineseString_flash              0x08001391   Thumb Code    80  epd_gui.o(i.EPD_ShowChineseString_flash)
    EPD_ShowString                           0x080013fd   Thumb Code    58  epd_gui.o(i.EPD_ShowString)
    EPD_Update                               0x08001437   Thumb Code    26  epd.o(i.EPD_Update)
    EPD_WR_Bus                               0x08001451   Thumb Code    88  spi_init.o(i.EPD_WR_Bus)
    EPD_WR_DATA8                             0x080014b1   Thumb Code    28  spi_init.o(i.EPD_WR_DATA8)
    EPD_WR_REG                               0x080014d1   Thumb Code    28  spi_init.o(i.EPD_WR_REG)
    EPD_show_Chinese_from_flash              0x080014f1   Thumb Code   302  epd_gui.o(i.EPD_show_Chinese_from_flash)
    GPIO_Init                                0x0800169d   Thumb Code   144  stm32f4xx_gpio.o(i.GPIO_Init)
    GPIO_PinAFConfig                         0x0800172d   Thumb Code    70  stm32f4xx_gpio.o(i.GPIO_PinAFConfig)
    GPIO_ReadInputDataBit                    0x08001773   Thumb Code    18  stm32f4xx_gpio.o(i.GPIO_ReadInputDataBit)
    GPIO_ResetBits                           0x08001785   Thumb Code     6  stm32f4xx_gpio.o(i.GPIO_ResetBits)
    GPIO_SetBits                             0x0800178b   Thumb Code     4  stm32f4xx_gpio.o(i.GPIO_SetBits)
    GPIO_StructInit                          0x0800178f   Thumb Code    18  stm32f4xx_gpio.o(i.GPIO_StructInit)
    GPIO_WriteBit                            0x080017a1   Thumb Code    12  stm32f4xx_gpio.o(i.GPIO_WriteBit)
    HardFault_Handler                        0x080017ad   Thumb Code     4  stm32f4xx_it.o(i.HardFault_Handler)
    MemManage_Handler                        0x080017b1   Thumb Code     4  stm32f4xx_it.o(i.MemManage_Handler)
    NMI_Handler                              0x080017b5   Thumb Code     2  stm32f4xx_it.o(i.NMI_Handler)
    NVIC_Init                                0x080017b9   Thumb Code   106  misc.o(i.NVIC_Init)
    Paint_Clear                              0x08001831   Thumb Code    52  epd_gui.o(i.Paint_Clear)
    Paint_NewImage                           0x08001869   Thumb Code   120  epd_gui.o(i.Paint_NewImage)
    Paint_SetPixel                           0x080018e5   Thumb Code   216  epd_gui.o(i.Paint_SetPixel)
    PendSV_Handler                           0x080019c1   Thumb Code     2  stm32f4xx_it.o(i.PendSV_Handler)
    RCC_AHB1PeriphClockCmd                   0x080019c5   Thumb Code    26  stm32f4xx_rcc.o(i.RCC_AHB1PeriphClockCmd)
    RCC_APB1PeriphClockCmd                   0x080019e5   Thumb Code    26  stm32f4xx_rcc.o(i.RCC_APB1PeriphClockCmd)
    RCC_APB1PeriphResetCmd                   0x08001a05   Thumb Code    26  stm32f4xx_rcc.o(i.RCC_APB1PeriphResetCmd)
    RCC_APB2PeriphClockCmd                   0x08001a25   Thumb Code    26  stm32f4xx_rcc.o(i.RCC_APB2PeriphClockCmd)
    RCC_APB2PeriphResetCmd                   0x08001a45   Thumb Code    26  stm32f4xx_rcc.o(i.RCC_APB2PeriphResetCmd)
    RCC_GetClocksFreq                        0x08001a65   Thumb Code   214  stm32f4xx_rcc.o(i.RCC_GetClocksFreq)
    SPI_Cmd                                  0x08001b4d   Thumb Code    24  stm32f4xx_spi.o(i.SPI_Cmd)
    SPI_I2S_DMACmd                           0x08001b65   Thumb Code    18  stm32f4xx_spi.o(i.SPI_I2S_DMACmd)
    SPI_I2S_GetFlagStatus                    0x08001b77   Thumb Code    18  stm32f4xx_spi.o(i.SPI_I2S_GetFlagStatus)
    SPI_I2S_ReceiveData                      0x08001b89   Thumb Code     6  stm32f4xx_spi.o(i.SPI_I2S_ReceiveData)
    SPI_I2S_SendData                         0x08001b8f   Thumb Code     4  stm32f4xx_spi.o(i.SPI_I2S_SendData)
    SPI_Init                                 0x08001b93   Thumb Code    60  stm32f4xx_spi.o(i.SPI_Init)
    SVC_Handler                              0x08001bcf   Thumb Code     2  stm32f4xx_it.o(i.SVC_Handler)
    SysTick_CLKSourceConfig                  0x08001cbd   Thumb Code    40  misc.o(i.SysTick_CLKSourceConfig)
    SysTick_Handler                          0x08001ce5   Thumb Code     2  stm32f4xx_it.o(i.SysTick_Handler)
    SystemInit                               0x08001ce9   Thumb Code    88  system_stm32f4xx.o(i.SystemInit)
    USART_ClearFlag                          0x08001d51   Thumb Code    18  stm32f4xx_usart.o(i.USART_ClearFlag)
    USART_Cmd                                0x08001d63   Thumb Code    24  stm32f4xx_usart.o(i.USART_Cmd)
    USART_DeInit                             0x08001d7d   Thumb Code   206  stm32f4xx_usart.o(i.USART_DeInit)
    USART_GetFlagStatus                      0x08001e6d   Thumb Code    26  stm32f4xx_usart.o(i.USART_GetFlagStatus)
    USART_ITConfig                           0x08001e87   Thumb Code    74  stm32f4xx_usart.o(i.USART_ITConfig)
    USART_Init                               0x08001ed1   Thumb Code   204  stm32f4xx_usart.o(i.USART_Init)
    USART_SendData                           0x08001fa5   Thumb Code     8  stm32f4xx_usart.o(i.USART_SendData)
    USART_StructInit                         0x08001fad   Thumb Code    24  stm32f4xx_usart.o(i.USART_StructInit)
    UsageFault_Handler                       0x08001fc5   Thumb Code     4  stm32f4xx_it.o(i.UsageFault_Handler)
    W25Q128_read                             0x08001fc9   Thumb Code    82  spi_w25q128_flash.o(i.W25Q128_read)
    W25Q128_readID                           0x08002021   Thumb Code    70  spi_w25q128_flash.o(i.W25Q128_readID)
    __0printf                                0x0800206d   Thumb Code    22  printfa.o(i.__0printf)
    __1printf                                0x0800206d   Thumb Code     0  printfa.o(i.__0printf)
    __2printf                                0x0800206d   Thumb Code     0  printfa.o(i.__0printf)
    __c89printf                              0x0800206d   Thumb Code     0  printfa.o(i.__0printf)
    printf                                   0x0800206d   Thumb Code     0  printfa.o(i.__0printf)
    __scatterload_copy                       0x0800208d   Thumb Code    14  handlers.o(i.__scatterload_copy)
    __scatterload_null                       0x0800209b   Thumb Code     2  handlers.o(i.__scatterload_null)
    __scatterload_zeroinit                   0x0800209d   Thumb Code    14  handlers.o(i.__scatterload_zeroinit)
    board_init                               0x08002939   Thumb Code    38  board.o(i.board_init)
    bsp_spi_dma_tx_init                      0x08002965   Thumb Code   146  spi_w25q128_flash.o(i.bsp_spi_dma_tx_init)
    bsp_spi_flash_init                       0x08002a05   Thumb Code   218  spi_w25q128_flash.o(i.bsp_spi_flash_init)
    delay_ms                                 0x08002ae9   Thumb Code    18  board.o(i.delay_ms)
    delay_us                                 0x08002afd   Thumb Code    74  board.o(i.delay_us)
    fputc                                    0x08002b51   Thumb Code    32  bsp_uart.o(i.fputc)
    main                                     0x08002b75   Thumb Code   154  main.o(i.main)
    spi_read_write_byte                      0x08002c65   Thumb Code    50  spi_w25q128_flash.o(i.spi_read_write_byte)
    uart1_init                               0x08002c9d   Thumb Code   238  bsp_uart.o(i.uart1_init)
    asc2_0806                                0x08002d94   Data         552  epd_gui.o(.constdata)
    asc2_1206                                0x08002fbc   Data        1140  epd_gui.o(.constdata)
    asc2_1608                                0x08003430   Data        1520  epd_gui.o(.constdata)
    asc2_2412                                0x08003a20   Data        3420  epd_gui.o(.constdata)
    asc2_4824                                0x0800477c   Data       13680  epd_gui.o(.constdata)
    tfont12                                  0x08007cec   Data         130  epd_gui.o(.constdata)
    tfont16                                  0x08007d6e   Data         680  epd_gui.o(.constdata)
    tfont24                                  0x08008016   Data         370  epd_gui.o(.constdata)
    tfont32                                  0x08008188   Data         650  epd_gui.o(.constdata)
    font_param_table                         0x08008412   Data          12  epd_gui.o(.constdata)
    Region$$Table$$Base                      0x08008420   Number         0  anon$$obj.o(Region$$Table)
    Region$$Table$$Limit                     0x08008440   Number         0  anon$$obj.o(Region$$Table)
    SystemCoreClock                          0x20000000   Data           4  system_stm32f4xx.o(.data)
    AHBPrescTable                            0x20000004   Data          16  system_stm32f4xx.o(.data)
    g_epd_dma_tx_done                        0x20000024   Data           1  epd_dma.o(.data)
    __stdout                                 0x20000028   Data           4  stdout.o(.data)
    Paint                                    0x2000002c   Data          20  epd_gui.o(.bss)
    DMA_InitStructure                        0x20000040   Data          60  epd_dma.o(.bss)
    ImageBW                                  0x200000b8   Data        5624  main.o(.bss)
    __initial_sp                             0x20001ab0   Data           0  startup_stm32f407xx.o(STACK)



==============================================================================

Memory Map of the image

  Image Entry point : 0x08000189

  Load Region LR_IROM1 (Base: 0x08000000, Size: 0x0000846c, Max: 0x00100000, ABSOLUTE)

    Execution Region ER_IROM1 (Exec base: 0x08000000, Load base: 0x08000000, Size: 0x00008440, Max: 0x00100000, ABSOLUTE)

    Exec Addr    Load Addr    Size         Type   Attr      Idx    E Section Name        Object

    0x08000000   0x08000000   0x00000188   Data   RO            3    RESET               startup_stm32f407xx.o
    0x08000188   0x08000188   0x00000000   Code   RO         5959  * .ARM.Collect$$$$00000000  mc_w.l(entry.o)
    0x08000188   0x08000188   0x00000004   Code   RO         6227    .ARM.Collect$$$$00000001  mc_w.l(entry2.o)
    0x0800018c   0x0800018c   0x00000004   Code   RO         6230    .ARM.Collect$$$$00000004  mc_w.l(entry5.o)
    0x08000190   0x08000190   0x00000000   Code   RO         6232    .ARM.Collect$$$$00000008  mc_w.l(entry7b.o)
    0x08000190   0x08000190   0x00000000   Code   RO         6234    .ARM.Collect$$$$0000000A  mc_w.l(entry8b.o)
    0x08000190   0x08000190   0x00000008   Code   RO         6235    .ARM.Collect$$$$0000000B  mc_w.l(entry9a.o)
    0x08000198   0x08000198   0x00000004   Code   RO         6242    .ARM.Collect$$$$0000000E  mc_w.l(entry12b.o)
    0x0800019c   0x0800019c   0x00000000   Code   RO         6237    .ARM.Collect$$$$0000000F  mc_w.l(entry10a.o)
    0x0800019c   0x0800019c   0x00000000   Code   RO         6239    .ARM.Collect$$$$00000011  mc_w.l(entry11a.o)
    0x0800019c   0x0800019c   0x00000004   Code   RO         6228    .ARM.Collect$$$$00002712  mc_w.l(entry2.o)
    0x080001a0   0x080001a0   0x00000024   Code   RO            4    .text               startup_stm32f407xx.o
    0x080001c4   0x080001c4   0x00000024   Code   RO         5962    .text               mc_w.l(memseta.o)
    0x080001e8   0x080001e8   0x0000002c   Code   RO         6244    .text               mc_w.l(uidiv.o)
    0x08000214   0x08000214   0x00000062   Code   RO         6246    .text               mc_w.l(uldiv.o)
    0x08000276   0x08000276   0x00000000   Code   RO         6248    .text               mc_w.l(iusefp.o)
    0x08000276   0x08000276   0x0000014e   Code   RO         6249    .text               mf_w.l(dadd.o)
    0x080003c4   0x080003c4   0x000000e4   Code   RO         6251    .text               mf_w.l(dmul.o)
    0x080004a8   0x080004a8   0x000000de   Code   RO         6253    .text               mf_w.l(ddiv.o)
    0x08000586   0x08000586   0x00000030   Code   RO         6255    .text               mf_w.l(dfixul.o)
    0x080005b6   0x080005b6   0x00000002   PAD
    0x080005b8   0x080005b8   0x00000030   Code   RO         6257    .text               mf_w.l(cdrcmple.o)
    0x080005e8   0x080005e8   0x00000024   Code   RO         6259    .text               mc_w.l(init.o)
    0x0800060c   0x0800060c   0x0000001e   Code   RO         6261    .text               mc_w.l(llshl.o)
    0x0800062a   0x0800062a   0x00000020   Code   RO         6263    .text               mc_w.l(llushr.o)
    0x0800064a   0x0800064a   0x00000024   Code   RO         6265    .text               mc_w.l(llsshr.o)
    0x0800066e   0x0800066e   0x000000ba   Code   RO         6267    .text               mf_w.l(depilogue.o)
    0x08000728   0x08000728   0x00000004   Code   RO          155    i.BusFault_Handler  stm32f4xx_it.o
    0x0800072c   0x0800072c   0x00000050   Code   RO         5774    i.DMA1_Stream4_IRQHandler  epd_dma.o
    0x0800077c   0x0800077c   0x0000003c   Code   RO         5817    i.DMA2_Stream3_IRQHandler  spi_w25q128_flash.o
    0x080007b8   0x080007b8   0x00000034   Code   RO         1406    i.DMA_ClearFlag     stm32f4xx_dma.o
    0x080007ec   0x080007ec   0x00000034   Code   RO         1407    i.DMA_ClearITPendingBit  stm32f4xx_dma.o
    0x08000820   0x08000820   0x00000016   Code   RO         1408    i.DMA_Cmd           stm32f4xx_dma.o
    0x08000836   0x08000836   0x00000002   PAD
    0x08000838   0x08000838   0x00000158   Code   RO         1409    i.DMA_DeInit        stm32f4xx_dma.o
    0x08000990   0x08000990   0x00000014   Code   RO         1413    i.DMA_GetCmdStatus  stm32f4xx_dma.o
    0x080009a4   0x080009a4   0x00000064   Code   RO         1418    i.DMA_GetITStatus   stm32f4xx_dma.o
    0x08000a08   0x08000a08   0x0000003a   Code   RO         1419    i.DMA_ITConfig      stm32f4xx_dma.o
    0x08000a42   0x08000a42   0x00000002   PAD
    0x08000a44   0x08000a44   0x00000058   Code   RO         1420    i.DMA_Init          stm32f4xx_dma.o
    0x08000a9c   0x08000a9c   0x00000002   Code   RO          156    i.DebugMon_Handler  stm32f4xx_it.o
    0x08000a9e   0x08000a9e   0x00000002   PAD
    0x08000aa0   0x08000aa0   0x000000a4   Code   RO         5775    i.EPD_DMA_Init      epd_dma.o
    0x08000b44   0x08000b44   0x00000016   Code   RO         5477    i.EPD_DeepSleep     epd.o
    0x08000b5a   0x08000b5a   0x00000002   PAD
    0x08000b5c   0x08000b5c   0x0000002c   Code   RO         5478    i.EPD_Display       epd.o
    0x08000b88   0x08000b88   0x00000048   Code   RO         5479    i.EPD_Display_Clear  epd.o
    0x08000bd0   0x08000bd0   0x00000084   Code   RO         5726    i.EPD_GPIOInit      spi_init.o
    0x08000c54   0x08000c54   0x00000030   Code   RO         5482    i.EPD_HW_RESET      epd.o
    0x08000c84   0x08000c84   0x000000ba   Code   RO         5483    i.EPD_Init          epd.o
    0x08000d3e   0x08000d3e   0x00000002   PAD
    0x08000d40   0x08000d40   0x0000001c   Code   RO         5485    i.EPD_READBUSY      epd.o
    0x08000d5c   0x08000d5c   0x000000a0   Code   RO         5727    i.EPD_SPI_Configuration  spi_init.o
    0x08000dfc   0x08000dfc   0x00000054   Code   RO         5776    i.EPD_SendData_DMA  epd_dma.o
    0x08000e50   0x08000e50   0x00000154   Code   RO         5575    i.EPD_ShowChar      epd_gui.o
    0x08000fa4   0x08000fa4   0x00000074   Code   RO         5576    i.EPD_ShowChinese   epd_gui.o
    0x08001018   0x08001018   0x000000e4   Code   RO         5577    i.EPD_ShowChinese12x12  epd_gui.o
    0x080010fc   0x080010fc   0x000000d8   Code   RO         5578    i.EPD_ShowChinese16x16  epd_gui.o
    0x080011d4   0x080011d4   0x000000e4   Code   RO         5579    i.EPD_ShowChinese24x24  epd_gui.o
    0x080012b8   0x080012b8   0x000000d8   Code   RO         5580    i.EPD_ShowChinese32x32  epd_gui.o
    0x08001390   0x08001390   0x0000006c   Code   RO         5581    i.EPD_ShowChineseString_flash  epd_gui.o
    0x080013fc   0x080013fc   0x0000003a   Code   RO         5585    i.EPD_ShowString    epd_gui.o
    0x08001436   0x08001436   0x0000001a   Code   RO         5486    i.EPD_Update        epd.o
    0x08001450   0x08001450   0x00000060   Code   RO         5728    i.EPD_WR_Bus        spi_init.o
    0x080014b0   0x080014b0   0x00000020   Code   RO         5729    i.EPD_WR_DATA8      spi_init.o
    0x080014d0   0x080014d0   0x00000020   Code   RO         5730    i.EPD_WR_REG        spi_init.o
    0x080014f0   0x080014f0   0x000001ac   Code   RO         5587    i.EPD_show_Chinese_from_flash  epd_gui.o
    0x0800169c   0x0800169c   0x00000090   Code   RO         2220    i.GPIO_Init         stm32f4xx_gpio.o
    0x0800172c   0x0800172c   0x00000046   Code   RO         2221    i.GPIO_PinAFConfig  stm32f4xx_gpio.o
    0x08001772   0x08001772   0x00000012   Code   RO         2224    i.GPIO_ReadInputDataBit  stm32f4xx_gpio.o
    0x08001784   0x08001784   0x00000006   Code   RO         2227    i.GPIO_ResetBits    stm32f4xx_gpio.o
    0x0800178a   0x0800178a   0x00000004   Code   RO         2228    i.GPIO_SetBits      stm32f4xx_gpio.o
    0x0800178e   0x0800178e   0x00000012   Code   RO         2229    i.GPIO_StructInit   stm32f4xx_gpio.o
    0x080017a0   0x080017a0   0x0000000c   Code   RO         2232    i.GPIO_WriteBit     stm32f4xx_gpio.o
    0x080017ac   0x080017ac   0x00000004   Code   RO          157    i.HardFault_Handler  stm32f4xx_it.o
    0x080017b0   0x080017b0   0x00000004   Code   RO          158    i.MemManage_Handler  stm32f4xx_it.o
    0x080017b4   0x080017b4   0x00000002   Code   RO          159    i.NMI_Handler       stm32f4xx_it.o
    0x080017b6   0x080017b6   0x00000002   PAD
    0x080017b8   0x080017b8   0x00000078   Code   RO          234    i.NVIC_Init         misc.o
    0x08001830   0x08001830   0x00000038   Code   RO         5588    i.Paint_Clear       epd_gui.o
    0x08001868   0x08001868   0x0000007c   Code   RO         5589    i.Paint_NewImage    epd_gui.o
    0x080018e4   0x080018e4   0x000000dc   Code   RO         5590    i.Paint_SetPixel    epd_gui.o
    0x080019c0   0x080019c0   0x00000002   Code   RO          160    i.PendSV_Handler    stm32f4xx_it.o
    0x080019c2   0x080019c2   0x00000002   PAD
    0x080019c4   0x080019c4   0x00000020   Code   RO         3155    i.RCC_AHB1PeriphClockCmd  stm32f4xx_rcc.o
    0x080019e4   0x080019e4   0x00000020   Code   RO         3164    i.RCC_APB1PeriphClockCmd  stm32f4xx_rcc.o
    0x08001a04   0x08001a04   0x00000020   Code   RO         3166    i.RCC_APB1PeriphResetCmd  stm32f4xx_rcc.o
    0x08001a24   0x08001a24   0x00000020   Code   RO         3167    i.RCC_APB2PeriphClockCmd  stm32f4xx_rcc.o
    0x08001a44   0x08001a44   0x00000020   Code   RO         3169    i.RCC_APB2PeriphResetCmd  stm32f4xx_rcc.o
    0x08001a64   0x08001a64   0x000000e8   Code   RO         3176    i.RCC_GetClocksFreq  stm32f4xx_rcc.o
    0x08001b4c   0x08001b4c   0x00000018   Code   RO         4319    i.SPI_Cmd           stm32f4xx_spi.o
    0x08001b64   0x08001b64   0x00000012   Code   RO         4325    i.SPI_I2S_DMACmd    stm32f4xx_spi.o
    0x08001b76   0x08001b76   0x00000012   Code   RO         4327    i.SPI_I2S_GetFlagStatus  stm32f4xx_spi.o
    0x08001b88   0x08001b88   0x00000006   Code   RO         4330    i.SPI_I2S_ReceiveData  stm32f4xx_spi.o
    0x08001b8e   0x08001b8e   0x00000004   Code   RO         4331    i.SPI_I2S_SendData  stm32f4xx_spi.o
    0x08001b92   0x08001b92   0x0000003c   Code   RO         4332    i.SPI_Init          stm32f4xx_spi.o
    0x08001bce   0x08001bce   0x00000002   Code   RO          161    i.SVC_Handler       stm32f4xx_it.o
    0x08001bd0   0x08001bd0   0x000000ec   Code   RO           13    i.SetSysClock       system_stm32f4xx.o
    0x08001cbc   0x08001cbc   0x00000028   Code   RO          238    i.SysTick_CLKSourceConfig  misc.o
    0x08001ce4   0x08001ce4   0x00000002   Code   RO          162    i.SysTick_Handler   stm32f4xx_it.o
    0x08001ce6   0x08001ce6   0x00000002   PAD
    0x08001ce8   0x08001ce8   0x00000068   Code   RO           15    i.SystemInit        system_stm32f4xx.o
    0x08001d50   0x08001d50   0x00000012   Code   RO         5113    i.USART_ClearFlag   stm32f4xx_usart.o
    0x08001d62   0x08001d62   0x00000018   Code   RO         5117    i.USART_Cmd         stm32f4xx_usart.o
    0x08001d7a   0x08001d7a   0x00000002   PAD
    0x08001d7c   0x08001d7c   0x000000f0   Code   RO         5119    i.USART_DeInit      stm32f4xx_usart.o
    0x08001e6c   0x08001e6c   0x0000001a   Code   RO         5120    i.USART_GetFlagStatus  stm32f4xx_usart.o
    0x08001e86   0x08001e86   0x0000004a   Code   RO         5123    i.USART_ITConfig    stm32f4xx_usart.o
    0x08001ed0   0x08001ed0   0x000000d4   Code   RO         5124    i.USART_Init        stm32f4xx_usart.o
    0x08001fa4   0x08001fa4   0x00000008   Code   RO         5134    i.USART_SendData    stm32f4xx_usart.o
    0x08001fac   0x08001fac   0x00000018   Code   RO         5140    i.USART_StructInit  stm32f4xx_usart.o
    0x08001fc4   0x08001fc4   0x00000004   Code   RO          163    i.UsageFault_Handler  stm32f4xx_it.o
    0x08001fc8   0x08001fc8   0x00000058   Code   RO         5820    i.W25Q128_read      spi_w25q128_flash.o
    0x08002020   0x08002020   0x0000004c   Code   RO         5821    i.W25Q128_readID    spi_w25q128_flash.o
    0x0800206c   0x0800206c   0x00000020   Code   RO         6197    i.__0printf         mc_w.l(printfa.o)
    0x0800208c   0x0800208c   0x0000000e   Code   RO         6271    i.__scatterload_copy  mc_w.l(handlers.o)
    0x0800209a   0x0800209a   0x00000002   Code   RO         6272    i.__scatterload_null  mc_w.l(handlers.o)
    0x0800209c   0x0800209c   0x0000000e   Code   RO         6273    i.__scatterload_zeroinit  mc_w.l(handlers.o)
    0x080020aa   0x080020aa   0x00000002   PAD
    0x080020ac   0x080020ac   0x00000184   Code   RO         6204    i._fp_digits        mc_w.l(printfa.o)
    0x08002230   0x08002230   0x000006b4   Code   RO         6205    i._printf_core      mc_w.l(printfa.o)
    0x080028e4   0x080028e4   0x00000024   Code   RO         6206    i._printf_post_padding  mc_w.l(printfa.o)
    0x08002908   0x08002908   0x0000002e   Code   RO         6207    i._printf_pre_padding  mc_w.l(printfa.o)
    0x08002936   0x08002936   0x00000002   PAD
    0x08002938   0x08002938   0x0000002c   Code   RO         5374    i.board_init        board.o
    0x08002964   0x08002964   0x000000a0   Code   RO         5825    i.bsp_spi_dma_tx_init  spi_w25q128_flash.o
    0x08002a04   0x08002a04   0x000000e4   Code   RO         5826    i.bsp_spi_flash_init  spi_w25q128_flash.o
    0x08002ae8   0x08002ae8   0x00000012   Code   RO         5377    i.delay_ms          board.o
    0x08002afa   0x08002afa   0x00000002   PAD
    0x08002afc   0x08002afc   0x00000054   Code   RO         5378    i.delay_us          board.o
    0x08002b50   0x08002b50   0x00000024   Code   RO         5427    i.fputc             bsp_uart.o
    0x08002b74   0x08002b74   0x000000f0   Code   RO         5913    i.main              main.o
    0x08002c64   0x08002c64   0x00000038   Code   RO         5827    i.spi_read_write_byte  spi_w25q128_flash.o
    0x08002c9c   0x08002c9c   0x000000f8   Code   RO         5428    i.uart1_init        bsp_uart.o
    0x08002d94   0x08002d94   0x0000568a   Data   RO         5592    .constdata          epd_gui.o
    0x0800841e   0x0800841e   0x00000002   PAD
    0x08008420   0x08008420   0x00000020   Data   RO         6269    Region$$Table       anon$$obj.o


    Execution Region RW_IRAM1 (Exec base: 0x20000000, Load base: 0x08008440, Size: 0x00001ab0, Max: 0x00020000, ABSOLUTE)

    Exec Addr    Load Addr    Size         Type   Attr      Idx    E Section Name        Object

    0x20000000   0x08008440   0x00000014   Data   RW           16    .data               system_stm32f4xx.o
    0x20000014   0x08008454   0x00000010   Data   RW         3208    .data               stm32f4xx_rcc.o
    0x20000024   0x08008464   0x00000001   Data   RW         5778    .data               epd_dma.o
    0x20000025   0x08008465   0x00000001   Data   RW         5829    .data               spi_w25q128_flash.o
    0x20000026   0x08008466   0x00000002   PAD
    0x20000028   0x08008468   0x00000004   Data   RW         6243    .data               mc_w.l(stdout.o)
    0x2000002c        -       0x00000014   Zero   RW         5591    .bss                epd_gui.o
    0x20000040        -       0x0000003c   Zero   RW         5777    .bss                epd_dma.o
    0x2000007c        -       0x0000003c   Zero   RW         5828    .bss                spi_w25q128_flash.o
    0x200000b8        -       0x000015f8   Zero   RW         5914    .bss                main.o
    0x200016b0        -       0x00000400   Zero   RW            1    STACK               startup_stm32f407xx.o


==============================================================================

Image component sizes


      Code (inc. data)   RO Data    RW Data    ZI Data      Debug   Object Name

       146         16          0          0          0       1775   board.o
       284         14          0          0          0       3237   bsp_uart.o
       426         16          0          0          0       4428   epd.o
       328         52          0          1         60       2686   epd_dma.o
      2338        202      22154          0         20      14105   epd_gui.o
       240         86          0          0       5624       1901   main.o
       160         14          0          0          0      18934   misc.o
       452         34          0          0          0       3104   spi_init.o
       668         54          0          1         60       4975   spi_w25q128_flash.o
        36          8        392          0       1024        896   startup_stm32f407xx.o
         0          0          0          0          0      15464   stm32f4xx_dfsdm.o
       736         72          0          0          0      19490   stm32f4xx_dma.o
       272          0          0          0          0      12233   stm32f4xx_gpio.o
        26          0          0          0          0       4550   stm32f4xx_it.o
       392         48          0         16          0       6261   stm32f4xx_rcc.o
       130          0          0          0          0      12739   stm32f4xx_spi.o
       626         42          0          0          0      12465   stm32f4xx_usart.o
       340         32          0         20          0     279025   system_stm32f4xx.o

    ----------------------------------------------------------------------
      7620        690      22580         40       6788     418268   Object Totals
         0          0         32          0          0          0   (incl. Generated)
        20          0          2          2          0          0   (incl. Padding)

    ----------------------------------------------------------------------

      Code (inc. data)   RO Data    RW Data    ZI Data      Debug   Library Member Name

         0          0          0          0          0          0   entry.o
         0          0          0          0          0          0   entry10a.o
         0          0          0          0          0          0   entry11a.o
         4          0          0          0          0          0   entry12b.o
         8          4          0          0          0          0   entry2.o
         4          0          0          0          0          0   entry5.o
         0          0          0          0          0          0   entry7b.o
         0          0          0          0          0          0   entry8b.o
         8          4          0          0          0          0   entry9a.o
        30          0          0          0          0          0   handlers.o
        36          8          0          0          0         68   init.o
         0          0          0          0          0          0   iusefp.o
        30          0          0          0          0         68   llshl.o
        36          0          0          0          0         68   llsshr.o
        32          0          0          0          0         68   llushr.o
        36          0          0          0          0        108   memseta.o
      2218         90          0          0          0        464   printfa.o
         0          0          0          4          0          0   stdout.o
        44          0          0          0          0         80   uidiv.o
        98          0          0          0          0         92   uldiv.o
        48          0          0          0          0         68   cdrcmple.o
       334          0          0          0          0        148   dadd.o
       222          0          0          0          0        100   ddiv.o
       186          0          0          0          0        176   depilogue.o
        48          0          0          0          0         68   dfixul.o
       228          0          0          0          0         96   dmul.o

    ----------------------------------------------------------------------
      3656        106          0          4          0       1672   Library Totals
         6          0          0          0          0          0   (incl. Padding)

    ----------------------------------------------------------------------

      Code (inc. data)   RO Data    RW Data    ZI Data      Debug   Library Name

      2584        106          0          4          0       1016   mc_w.l
      1066          0          0          0          0        656   mf_w.l

    ----------------------------------------------------------------------
      3656        106          0          4          0       1672   Library Totals

    ----------------------------------------------------------------------

==============================================================================


      Code (inc. data)   RO Data    RW Data    ZI Data      Debug   

     11276        796      22580         44       6788     411112   Grand Totals
     11276        796      22580         44       6788     411112   ELF Image Totals
     11276        796      22580         44          0          0   ROM Totals

==============================================================================

    Total RO  Size (Code + RO Data)                33856 (  33.06kB)
    Total RW  Size (RW Data + ZI Data)              6832 (   6.67kB)
    Total ROM Size (Code + RO Data + RW Data)      33900 (  33.11kB)

==============================================================================

